Component: ARM Compiler 5.06 update 7 (build 960) Tool: armlink [4d3601]

==============================================================================

Section Cross References

    startup_stm32f103xb.o(RESET) refers to startup_stm32f103xb.o(STACK) for __initial_sp
    startup_stm32f103xb.o(RESET) refers to startup_stm32f103xb.o(.text) for Reset_Handler
    startup_stm32f103xb.o(RESET) refers to stm32f1xx_it.o(i.NMI_Handler) for NMI_Handler
    startup_stm32f103xb.o(RESET) refers to stm32f1xx_it.o(i.HardFault_Handler) for HardFault_Handler
    startup_stm32f103xb.o(RESET) refers to stm32f1xx_it.o(i.MemManage_Handler) for MemManage_Handler
    startup_stm32f103xb.o(RESET) refers to stm32f1xx_it.o(i.BusFault_Handler) for BusFault_Handler
    startup_stm32f103xb.o(RESET) refers to stm32f1xx_it.o(i.UsageFault_Handler) for UsageFault_Handler
    startup_stm32f103xb.o(RESET) refers to stm32f1xx_it.o(i.SVC_Handler) for SVC_Handler
    startup_stm32f103xb.o(RESET) refers to stm32f1xx_it.o(i.DebugMon_Handler) for DebugMon_Handler
    startup_stm32f103xb.o(RESET) refers to stm32f1xx_it.o(i.PendSV_Handler) for PendSV_Handler
    startup_stm32f103xb.o(RESET) refers to stm32f1xx_it.o(i.SysTick_Handler) for SysTick_Handler
    startup_stm32f103xb.o(.text) refers to system_stm32f1xx.o(i.SystemInit) for SystemInit
    startup_stm32f103xb.o(.text) refers to entry.o(.ARM.Collect$$$$00000000) for __main
    system_stm32f1xx.o(i.SystemCoreClockUpdate) refers to system_stm32f1xx.o(.data) for SystemCoreClock
    system_stm32f1xx.o(i.SystemCoreClockUpdate) refers to system_stm32f1xx.o(.constdata) for AHBPrescTable
    stm32f1xx_hal.o(i.HAL_DeInit) refers to stm32f1xx_hal.o(i.HAL_MspDeInit) for HAL_MspDeInit
    stm32f1xx_hal.o(i.HAL_Delay) refers to stm32f1xx_hal.o(i.HAL_GetTick) for HAL_GetTick
    stm32f1xx_hal.o(i.HAL_Delay) refers to stm32f1xx_hal.o(.data) for uwTickFreq
    stm32f1xx_hal.o(i.HAL_GetTick) refers to stm32f1xx_hal.o(.data) for uwTick
    stm32f1xx_hal.o(i.HAL_GetTickFreq) refers to stm32f1xx_hal.o(.data) for uwTickFreq
    stm32f1xx_hal.o(i.HAL_GetTickPrio) refers to stm32f1xx_hal.o(.data) for uwTickPrio
    stm32f1xx_hal.o(i.HAL_IncTick) refers to stm32f1xx_hal.o(.data) for uwTick
    stm32f1xx_hal.o(i.HAL_Init) refers to stm32f1xx_hal_cortex.o(i.HAL_NVIC_SetPriorityGrouping) for HAL_NVIC_SetPriorityGrouping
    stm32f1xx_hal.o(i.HAL_Init) refers to stm32f1xx_hal.o(i.HAL_InitTick) for HAL_InitTick
    stm32f1xx_hal.o(i.HAL_Init) refers to stm32f1xx_hal.o(i.HAL_MspInit) for HAL_MspInit
    stm32f1xx_hal.o(i.HAL_InitTick) refers to stm32f1xx_hal_cortex.o(i.HAL_SYSTICK_Config) for HAL_SYSTICK_Config
    stm32f1xx_hal.o(i.HAL_InitTick) refers to stm32f1xx_hal_cortex.o(i.HAL_NVIC_SetPriority) for HAL_NVIC_SetPriority
    stm32f1xx_hal.o(i.HAL_InitTick) refers to stm32f1xx_hal.o(.data) for uwTickFreq
    stm32f1xx_hal.o(i.HAL_InitTick) refers to system_stm32f1xx.o(.data) for SystemCoreClock
    stm32f1xx_hal.o(i.HAL_SetTickFreq) refers to stm32f1xx_hal.o(i.HAL_InitTick) for HAL_InitTick
    stm32f1xx_hal.o(i.HAL_SetTickFreq) refers to stm32f1xx_hal.o(.data) for uwTickFreq
    stm32f1xx_hal_cortex.o(i.HAL_NVIC_GetPriorityGrouping) refers to stm32f1xx_hal_cortex.o(i.__NVIC_GetPriorityGrouping) for __NVIC_GetPriorityGrouping
    stm32f1xx_hal_cortex.o(i.HAL_NVIC_SetPriority) refers to stm32f1xx_hal_cortex.o(i.__NVIC_GetPriorityGrouping) for __NVIC_GetPriorityGrouping
    stm32f1xx_hal_cortex.o(i.HAL_NVIC_SetPriority) refers to stm32f1xx_hal_cortex.o(i.__NVIC_SetPriority) for __NVIC_SetPriority
    stm32f1xx_hal_cortex.o(i.HAL_SYSTICK_Config) refers to stm32f1xx_hal_cortex.o(i.__NVIC_SetPriority) for __NVIC_SetPriority
    stm32f1xx_hal_cortex.o(i.HAL_SYSTICK_IRQHandler) refers to stm32f1xx_hal_cortex.o(i.HAL_SYSTICK_Callback) for HAL_SYSTICK_Callback
    stm32f1xx_hal_gpio.o(i.HAL_GPIO_EXTI_IRQHandler) refers to stm32f1xx_hal_gpio.o(i.HAL_GPIO_EXTI_Callback) for HAL_GPIO_EXTI_Callback
    stm32f1xx_hal_rcc.o(i.HAL_RCC_ClockConfig) refers to stm32f1xx_hal.o(i.HAL_GetTick) for HAL_GetTick
    stm32f1xx_hal_rcc.o(i.HAL_RCC_ClockConfig) refers to stm32f1xx_hal_rcc.o(i.HAL_RCC_GetSysClockFreq) for HAL_RCC_GetSysClockFreq
    stm32f1xx_hal_rcc.o(i.HAL_RCC_ClockConfig) refers to stm32f1xx_hal.o(i.HAL_InitTick) for HAL_InitTick
    stm32f1xx_hal_rcc.o(i.HAL_RCC_ClockConfig) refers to system_stm32f1xx.o(.constdata) for AHBPrescTable
    stm32f1xx_hal_rcc.o(i.HAL_RCC_ClockConfig) refers to system_stm32f1xx.o(.data) for SystemCoreClock
    stm32f1xx_hal_rcc.o(i.HAL_RCC_ClockConfig) refers to stm32f1xx_hal.o(.data) for uwTickPrio
    stm32f1xx_hal_rcc.o(i.HAL_RCC_DeInit) refers to stm32f1xx_hal.o(i.HAL_GetTick) for HAL_GetTick
    stm32f1xx_hal_rcc.o(i.HAL_RCC_DeInit) refers to stm32f1xx_hal.o(i.HAL_InitTick) for HAL_InitTick
    stm32f1xx_hal_rcc.o(i.HAL_RCC_DeInit) refers to system_stm32f1xx.o(.data) for SystemCoreClock
[...]
    stm32f1xx_hal_usart.o(i.HAL_USART_TransmitReceive) refers to stm32f1xx_hal.o(i.HAL_GetTick) for HAL_GetTick
    stm32f1xx_hal_usart.o(i.HAL_USART_TransmitReceive) refers to stm32f1xx_hal_usart.o(i.USART_WaitOnFlagUntilTimeout) for USART_WaitOnFlagUntilTimeout
    stm32f1xx_hal_usart.o(i.HAL_USART_TransmitReceive_DMA) refers to stm32f1xx_hal_dma.o(i.HAL_DMA_Start_IT) for HAL_DMA_Start_IT
    stm32f1xx_hal_usart.o(i.HAL_USART_TransmitReceive_DMA) refers to stm32f1xx_hal_usart.o(i.USART_DMAReceiveCplt) for USART_DMAReceiveCplt
    stm32f1xx_hal_usart.o(i.HAL_USART_TransmitReceive_DMA) refers to stm32f1xx_hal_usart.o(i.USART_DMARxHalfCplt) for USART_DMARxHalfCplt
    stm32f1xx_hal_usart.o(i.HAL_USART_TransmitReceive_DMA) refers to stm32f1xx_hal_usart.o(i.USART_DMATransmitCplt) for USART_DMATransmitCplt
    stm32f1xx_hal_usart.o(i.HAL_USART_TransmitReceive_DMA) refers to stm32f1xx_hal_usart.o(i.USART_DMATxHalfCplt) for USART_DMATxHalfCplt
    stm32f1xx_hal_usart.o(i.HAL_USART_TransmitReceive_DMA) refers to stm32f1xx_hal_usart.o(i.USART_DMAError) for USART_DMAError
    stm32f1xx_hal_usart.o(i.HAL_USART_Transmit_DMA) refers to stm32f1xx_hal_dma.o(i.HAL_DMA_Start_IT) for HAL_DMA_Start_IT
    stm32f1xx_hal_usart.o(i.HAL_USART_Transmit_DMA) refers to stm32f1xx_hal_usart.o(i.USART_DMATransmitCplt) for USART_DMATransmitCplt
    stm32f1xx_hal_usart.o(i.HAL_USART_Transmit_DMA) refers to stm32f1xx_hal_usart.o(i.USART_DMATxHalfCplt) for USART_DMATxHalfCplt
    stm32f1xx_hal_usart.o(i.HAL_USART_Transmit_DMA) refers to stm32f1xx_hal_usart.o(i.USART_DMAError) for USART_DMAError
    stm32f1xx_hal_usart.o(i.USART_DMAAbortOnError) refers to stm32f1xx_hal_usart.o(i.HAL_USART_ErrorCallback) for HAL_USART_ErrorCallback
    stm32f1xx_hal_usart.o(i.USART_DMAError) refers to stm32f1xx_hal_usart.o(i.USART_EndTxTransfer) for USART_EndTxTransfer
    stm32f1xx_hal_usart.o(i.USART_DMAError) refers to stm32f1xx_hal_usart.o(i.USART_EndRxTransfer) for USART_EndRxTransfer
    stm32f1xx_hal_usart.o(i.USART_DMAError) refers to stm32f1xx_hal_usart.o(i.HAL_USART_ErrorCallback) for HAL_USART_ErrorCallback
    stm32f1xx_hal_usart.o(i.USART_DMAReceiveCplt) refers to stm32f1xx_hal_usart.o(i.HAL_USART_RxCpltCallback) for HAL_USART_RxCpltCallback
    stm32f1xx_hal_usart.o(i.USART_DMAReceiveCplt) refers to stm32f1xx_hal_usart.o(i.HAL_USART_TxRxCpltCallback) for HAL_USART_TxRxCpltCallback
    stm32f1xx_hal_usart.o(i.USART_DMARxAbortCallback) refers to stm32f1xx_hal_usart.o(i.HAL_USART_AbortCpltCallback) for HAL_USART_AbortCpltCallback
    stm32f1xx_hal_usart.o(i.USART_DMARxHalfCplt) refers to stm32f1xx_hal_usart.o(i.HAL_USART_RxHalfCpltCallback) for HAL_USART_RxHalfCpltCallback
    stm32f1xx_hal_usart.o(i.USART_DMATransmitCplt) refers to stm32f1xx_hal_usart.o(i.HAL_USART_TxCpltCallback) for HAL_USART_TxCpltCallback
    stm32f1xx_hal_usart.o(i.USART_DMATxAbortCallback) refers to stm32f1xx_hal_usart.o(i.HAL_USART_AbortCpltCallback) for HAL_USART_AbortCpltCallback
    stm32f1xx_hal_usart.o(i.USART_DMATxHalfCplt) refers to stm32f1xx_hal_usart.o(i.HAL_USART_TxHalfCpltCallback) for HAL_USART_TxHalfCpltCallback
    stm32f1xx_hal_usart.o(i.USART_EndTransmit_IT) refers to stm32f1xx_hal_usart.o(i.HAL_USART_TxCpltCallback) for HAL_USART_TxCpltCallback
    stm32f1xx_hal_usart.o(i.USART_Receive_IT) refers to stm32f1xx_hal_usart.o(i.HAL_USART_RxCpltCallback) for HAL_USART_RxCpltCallback
    stm32f1xx_hal_usart.o(i.USART_SetConfig) refers to stm32f1xx_hal_rcc.o(i.HAL_RCC_GetPCLK2Freq) for HAL_RCC_GetPCLK2Freq
    stm32f1xx_hal_usart.o(i.USART_SetConfig) refers to stm32f1xx_hal_rcc.o(i.HAL_RCC_GetPCLK1Freq) for HAL_RCC_GetPCLK1Freq
    stm32f1xx_hal_usart.o(i.USART_TransmitReceive_IT) refers to stm32f1xx_hal_usart.o(i.HAL_USART_TxRxCpltCallback) for HAL_USART_TxRxCpltCallback
    stm32f1xx_hal_usart.o(i.USART_WaitOnFlagUntilTimeout) refers to stm32f1xx_hal.o(i.HAL_GetTick) for HAL_GetTick
    main.o(i.SystemClock_Config) refers to memseta.o(.text) for __aeabi_memclr4
    main.o(i.SystemClock_Config) refers to stm32f1xx_hal_rcc.o(i.HAL_RCC_OscConfig) for HAL_RCC_OscConfig
    main.o(i.SystemClock_Config) refers to stm32f1xx_hal_rcc.o(i.HAL_RCC_ClockConfig) for HAL_RCC_ClockConfig
    main.o(i.main) refers to stm32f1xx_hal.o(i.HAL_Init) for HAL_Init
    main.o(i.main) refers to main.o(i.SystemClock_Config) for SystemClock_Config
    main.o(i.main) refers to bsp_usart.o(i.MX_USART1_UART_Init) for MX_USART1_UART_Init
    main.o(i.main) refers to bsp_dwt.o(i.DWT_Init) for DWT_Init
    main.o(i.main) refers to bsp_dht11.o(i.DHT11_GPIO_Config) for DHT11_GPIO_Config
    main.o(i.main) refers to bsp_dwt.o(i.DWT_DelayS) for DWT_DelayS
    main.o(i.main) refers to app_dht11.o(i.Dht11_ReadAndPrint) for Dht11_ReadAndPrint
    stm32f1xx_it.o(i.SysTick_Handler) refers to stm32f1xx_hal.o(i.HAL_IncTick) for HAL_IncTick
    bsp_dwt.o(i.DWT_DelayMs) refers to bsp_dwt.o(i.DWT_DelayUs) for DWT_DelayUs
    bsp_dwt.o(i.DWT_DelayS) refers to bsp_dwt.o(i.DWT_DelayMs) for DWT_DelayMs
    bsp_dwt.o(i.DWT_DelayUs) refers to bsp_dwt.o(i.DWT_GetTick) for DWT_GetTick
    bsp_dwt.o(i.DWT_DelayUs) refers to system_stm32f1xx.o(.data) for SystemCoreClock
    bsp_dwt.o(i.DWT_TickToMicrosecond) refers to dfltui.o(.text) for __aeabi_ui2d
    bsp_dwt.o(i.DWT_TickToMicrosecond) refers to ddiv.o(.text) for __aeabi_ddiv
    bsp_dwt.o(i.DWT_TickToMicrosecond) refers to dmul.o(.text) for __aeabi_dmul
    bsp_dwt.o(i.DWT_TickToMicrosecond) refers to dfixui.o(.text) for __aeabi_d2uiz
    bsp_led.o(i.LED_GPIO_Config) refers to stm32f1xx_hal_gpio.o(i.HAL_GPIO_Init) for HAL_GPIO_Init
    bsp_led.o(i.LED_GPIO_Config) refers to stm32f1xx_hal_gpio.o(i.HAL_GPIO_WritePin) for HAL_GPIO_WritePin
    bsp_usart.o(i.HAL_UART_MspDeInit) refers to stm32f1xx_hal_gpio.o(i.HAL_GPIO_DeInit) for HAL_GPIO_DeInit
    bsp_usart.o(i.HAL_UART_MspInit) refers to stm32f1xx_hal_gpio.o(i.HAL_GPIO_Init) for HAL_GPIO_Init
    bsp_usart.o(i.MX_USART1_UART_Init) refers to stm32f1xx_hal_uart.o(i.HAL_UART_Init) for HAL_UART_Init
    bsp_usart.o(i.MX_USART1_UART_Init) refers to main.o(i.Error_Handler) for Error_Handler
    bsp_usart.o(i.MX_USART1_UART_Init) refers to bsp_usart.o(.bss) for huart1
    bsp_usart.o(i.fputc) refers to stm32f1xx_hal_uart.o(i.HAL_UART_Transmit) for HAL_UART_Transmit
    bsp_usart.o(i.fputc) refers to bsp_usart.o(.bss) for huart1
    bsp_dht11.o(i.DHT11_GPIO_Config) refers to stm32f1xx_hal_gpio.o(i.HAL_GPIO_Init) for HAL_GPIO_Init
    bsp_dht11.o(i.DHT11_GPIO_Config) refers to stm32f1xx_hal_gpio.o(i.HAL_GPIO_WritePin) for HAL_GPIO_WritePin
    bsp_dht11.o(i.DHT11_ReadByte) refers to stm32f1xx_hal_gpio.o(i.HAL_GPIO_ReadPin) for HAL_GPIO_ReadPin
    bsp_dht11.o(i.DHT11_ReadByte) refers to bsp_dwt.o(i.DWT_DelayUs) for DWT_DelayUs
    bsp_dht11.o(i.DHT11_ReadData) refers to bsp_dht11.o(i.DHT11_SetGPIOMode) for DHT11_SetGPIOMode
    bsp_dht11.o(i.DHT11_ReadData) refers to stm32f1xx_hal_gpio.o(i.HAL_GPIO_WritePin) for HAL_GPIO_WritePin
    bsp_dht11.o(i.DHT11_ReadData) refers to bsp_dwt.o(i.DWT_DelayMs) for DWT_DelayMs
    bsp_dht11.o(i.DHT11_ReadData) refers to bsp_dwt.o(i.DWT_DelayUs) for DWT_DelayUs
    bsp_dht11.o(i.DHT11_ReadData) refers to stm32f1xx_hal_gpio.o(i.HAL_GPIO_ReadPin) for HAL_GPIO_ReadPin
    bsp_dht11.o(i.DHT11_ReadData) refers to bsp_dht11.o(i.DHT11_ReadByte) for DHT11_ReadByte
    bsp_dht11.o(i.DHT11_SetGPIOMode) refers to stm32f1xx_hal_gpio.o(i.HAL_GPIO_Init) for HAL_GPIO_Init
    app_dht11.o(i.Dht11_ReadAndPrint) refers to bsp_dht11.o(i.DHT11_ReadData) for DHT11_ReadData
    app_dht11.o(i.Dht11_ReadAndPrint) refers to printf1.o(i.__0printf$1) for __2printf
    app_dht11.o(i.Dht11_ReadAndPrint) refers to app_dht11.o(.data) for dht11_data
    entry.o(.ARM.Collect$$$$00000000) refers (Special) to entry10a.o(.ARM.Collect$$$$0000000F) for __rt_final_cpp
    entry.o(.ARM.Collect$$$$00000000) refers (Special) to entry11a.o(.ARM.Collect$$$$00000011) for __rt_final_exit
    entry.o(.ARM.Collect$$$$00000000) refers (Special) to entry12b.o(.ARM.Collect$$$$0000000E) for __rt_lib_shutdown_fini
    entry.o(.ARM.Collect$$$$00000000) refers (Special) to entry7b.o(.ARM.Collect$$$$00000008) for _main_clock
    entry.o(.ARM.Collect$$$$00000000) refers (Special) to entry8b.o(.ARM.Collect$$$$0000000A) for _main_cpp_init
    entry.o(.ARM.Collect$$$$00000000) refers (Special) to entry9a.o(.ARM.Collect$$$$0000000B) for _main_init
    entry.o(.ARM.Collect$$$$00000000) refers (Special) to entry5.o(.ARM.Collect$$$$00000004) for _main_scatterload
    entry.o(.ARM.Collect$$$$00000000) refers (Special) to entry2.o(.ARM.Collect$$$$00000001) for _main_stk
    printfb.o(i.__0fprintf$bare) refers to printfb.o(i._printf_core) for _printf_core
    printfb.o(i.__0fprintf$bare) refers to bsp_usart.o(i.fputc) for fputc
    printfb.o(i.__0printf$bare) refers to printfb.o(i._printf_core) for _printf_core
    printfb.o(i.__0printf$bare) refers to bsp_usart.o(i.fputc) for fputc
    printfb.o(i.__0printf$bare) refers to stdout.o(.data) for __stdout
    printfb.o(i.__0snprintf$bare) refers to printfb.o(i._printf_core) for _printf_core
    printfb.o(i.__0snprintf$bare) refers to printfb.o(i._snputc) for _snputc
    printfb.o(i.__0sprintf$bare) refers to printfb.o(i._printf_core) for _printf_core
    printfb.o(i.__0sprintf$bare) refers to printfb.o(i._sputc) for _sputc
    printfb.o(i.__0vfprintf$bare) refers to printfb.o(i._printf_core) for _printf_core
    printfb.o(i.__0vfprintf$bare) refers to bsp_usart.o(i.fputc) for fputc
    printfb.o(i.__0vprintf$bare) refers to printfb.o(i._printf_core) for _printf_core
    printfb.o(i.__0vprintf$bare) refers to bsp_usart.o(i.fputc) for fputc
    printfb.o(i.__0vprintf$bare) refers to stdout.o(.data) for __stdout
    printfb.o(i.__0vsnprintf$bare) refers to printfb.o(i._printf_core) for _printf_core
    printfb.o(i.__0vsnprintf$bare) refers to printfb.o(i._snputc) for _snputc
    printfb.o(i.__0vsprintf$bare) refers to printfb.o(i._printf_core) for _printf_core
    printfb.o(i.__0vsprintf$bare) refers to printfb.o(i._sputc) for _sputc
    printf0.o(i.__0fprintf$0) refers to printf0.o(i._printf_core) for _printf_core
    printf0.o(i.__0fprintf$0) refers to bsp_usart.o(i.fputc) for fputc
    printf0.o(i.__0printf$0) refers to printf0.o(i._printf_core) for _printf_core
    printf0.o(i.__0printf$0) refers to bsp_usart.o(i.fputc) for fputc
    printf0.o(i.__0printf$0) refers to stdout.o(.data) for __stdout
    printf0.o(i.__0snprintf$0) refers to printf0.o(i._printf_core) for _printf_core
    printf0.o(i.__0snprintf$0) refers to printf0.o(i._snputc) for _snputc
    printf0.o(i.__0sprintf$0) refers to printf0.o(i._printf_core) for _printf_core
    printf0.o(i.__0sprintf$0) refers to printf0.o(i._sputc) for _sputc
    printf0.o(i.__0vfprintf$0) refers to printf0.o(i._printf_core) for _printf_core
    printf0.o(i.__0vfprintf$0) refers to bsp_usart.o(i.fputc) for fputc
    printf0.o(i.__0vprintf$0) refers to printf0.o(i._printf_core) for _printf_core
    printf0.o(i.__0vprintf$0) refers to bsp_usart.o(i.fputc) for fputc
    printf0.o(i.__0vprintf$0) refers to stdout.o(.data) for __stdout
    printf0.o(i.__0vsnprintf$0) refers to printf0.o(i._printf_core) for _printf_core
    printf0.o(i.__0vsnprintf$0) refers to printf0.o(i._snputc) for _snputc
    printf0.o(i.__0vsprintf$0) refers to printf0.o(i._printf_core) for _printf_core
    printf0.o(i.__0vsprintf$0) refers to printf0.o(i._sputc) for _sputc
    printf1.o(i.__0fprintf$1) refers to printf1.o(i._printf_core) for _printf_core
    printf1.o(i.__0fprintf$1) refers to bsp_usart.o(i.fputc) for fputc
    printf1.o(i.__0printf$1) refers to printf1.o(i._printf_core) for _printf_core
    printf1.o(i.__0printf$1) refers to bsp_usart.o(i.fputc) for fputc
    printf1.o(i.__0printf$1) refers to stdout.o(.data) for __stdout
    printf1.o(i.__0snprintf$1) refers to printf1.o(i._printf_core) for _printf_core
    printf1.o(i.__0snprintf$1) refers to printf1.o(i._snputc) for _snputc
    printf1.o(i.__0sprintf$1) refers to printf1.o(i._printf_core) for _printf_core
    printf1.o(i.__0sprintf$1) refers to printf1.o(i._sputc) for _sputc
    printf1.o(i.__0vfprintf$1) refers to printf1.o(i._printf_core) for _printf_core
    printf1.o(i.__0vfprintf$1) refers to bsp_usart.o(i.fputc) for fputc
    printf1.o(i.__0vprintf$1) refers to printf1.o(i._printf_core) for _printf_core
    printf1.o(i.__0vprintf$1) refers to bsp_usart.o(i.fputc) for fputc
    printf1.o(i.__0vprintf$1) refers to stdout.o(.data) for __stdout
    printf1.o(i.__0vsnprintf$1) refers to printf1.o(i._printf_core) for _printf_core
    printf1.o(i.__0vsnprintf$1) refers to printf1.o(i._snputc) for _snputc
    printf1.o(i.__0vsprintf$1) refers to printf1.o(i._printf_core) for _printf_core
    printf1.o(i.__0vsprintf$1) refers to printf1.o(i._sputc) for _sputc
    printf1.o(i._printf_core) refers to uidiv.o(.text) for __aeabi_uidivmod
    printf2.o(i.__0fprintf$2) refers to printf2.o(i._printf_core) for _printf_core
    printf2.o(i.__0fprintf$2) refers to bsp_usart.o(i.fputc) for fputc
    printf2.o(i.__0printf$2) refers to printf2.o(i._printf_core) for _printf_core
    printf2.o(i.__0printf$2) refers to bsp_usart.o(i.fputc) for fputc
    printf2.o(i.__0printf$2) refers to stdout.o(.data) for __stdout
    printf2.o(i.__0snprintf$2) refers to printf2.o(i._printf_core) for _printf_core
    printf2.o(i.__0snprintf$2) refers to printf2.o(i._snputc) for _snputc
    printf2.o(i.__0sprintf$2) refers to printf2.o(i._printf_core) for _printf_core
    printf2.o(i.__0sprintf$2) refers to printf2.o(i._sputc) for _sputc
    printf2.o(i.__0vfprintf$2) refers to printf2.o(i._printf_core) for _printf_core
    printf2.o(i.__0vfprintf$2) refers to bsp_usart.o(i.fputc) for fputc
    printf2.o(i.__0vprintf$2) refers to printf2.o(i._printf_core) for _printf_core
    printf2.o(i.__0vprintf$2) refers to bsp_usart.o(i.fputc) for fputc
    printf2.o(i.__0vprintf$2) refers to stdout.o(.data) for __stdout
    printf2.o(i.__0vsnprintf$2) refers to printf2.o(i._printf_core) for _printf_core
    printf2.o(i.__0vsnprintf$2) refers to printf2.o(i._snputc) for _snputc
    printf2.o(i.__0vsprintf$2) refers to printf2.o(i._printf_core) for _printf_core
    printf2.o(i.__0vsprintf$2) refers to printf2.o(i._sputc) for _sputc
    printf3.o(i.__0fprintf$3) refers to printf3.o(i._printf_core) for _printf_core
    printf3.o(i.__0fprintf$3) refers to bsp_usart.o(i.fputc) for fputc
    printf3.o(i.__0printf$3) refers to printf3.o(i._printf_core) for _printf_core
    printf3.o(i.__0printf$3) refers to bsp_usart.o(i.fputc) for fputc
    printf3.o(i.__0printf$3) refers to stdout.o(.data) for __stdout
    printf3.o(i.__0snprintf$3) refers to printf3.o(i._printf_core) for _printf_core
    printf3.o(i.__0snprintf$3) refers to printf3.o(i._snputc) for _snputc
    printf3.o(i.__0sprintf$3) refers to printf3.o(i._printf_core) for _printf_core
    printf3.o(i.__0sprintf$3) refers to printf3.o(i._sputc) for _sputc
    printf3.o(i.__0vfprintf$3) refers to printf3.o(i._printf_core) for _printf_core
    printf3.o(i.__0vfprintf$3) refers to bsp_usart.o(i.fputc) for fputc
    printf3.o(i.__0vprintf$3) refers to printf3.o(i._printf_core) for _printf_core
    printf3.o(i.__0vprintf$3) refers to bsp_usart.o(i.fputc) for fputc
    printf3.o(i.__0vprintf$3) refers to stdout.o(.data) for __stdout
    printf3.o(i.__0vsnprintf$3) refers to printf3.o(i._printf_core) for _printf_core
    printf3.o(i.__0vsnprintf$3) refers to printf3.o(i._snputc) for _snputc
    printf3.o(i.__0vsprintf$3) refers to printf3.o(i._printf_core) for _printf_core
    printf3.o(i.__0vsprintf$3) refers to printf3.o(i._sputc) for _sputc
    printf3.o(i._printf_core) refers to uidiv.o(.text) for __aeabi_uidivmod
    printf4.o(i.__0fprintf$4) refers to printf4.o(i._printf_core) for _printf_core
    printf4.o(i.__0fprintf$4) refers to bsp_usart.o(i.fputc) for fputc
    printf4.o(i.__0printf$4) refers to printf4.o(i._printf_core) for _printf_core
    printf4.o(i.__0printf$4) refers to bsp_usart.o(i.fputc) for fputc
    printf4.o(i.__0printf$4) refers to stdout.o(.data) for __stdout
    printf4.o(i.__0snprintf$4) refers to printf4.o(i._printf_core) for _printf_core
    printf4.o(i.__0snprintf$4) refers to printf4.o(i._snputc) for _snputc
    printf4.o(i.__0sprintf$4) refers to printf4.o(i._printf_core) for _printf_core
    printf4.o(i.__0sprintf$4) refers to printf4.o(i._sputc) for _sputc
    printf4.o(i.__0vfprintf$4) refers to printf4.o(i._printf_core) for _printf_core
    printf4.o(i.__0vfprintf$4) refers to bsp_usart.o(i.fputc) for fputc
    printf4.o(i.__0vprintf$4) refers to printf4.o(i._printf_core) for _printf_core
    printf4.o(i.__0vprintf$4) refers to bsp_usart.o(i.fputc) for fputc
    printf4.o(i.__0vprintf$4) refers to stdout.o(.data) for __stdout
    printf4.o(i.__0vsnprintf$4) refers to printf4.o(i._printf_core) for _printf_core
    printf4.o(i.__0vsnprintf$4) refers to printf4.o(i._snputc) for _snputc
    printf4.o(i.__0vsprintf$4) refers to printf4.o(i._printf_core) for _printf_core
    printf4.o(i.__0vsprintf$4) refers to printf4.o(i._sputc) for _sputc
    printf4.o(i._printf_core) refers to uldiv.o(.text) for __aeabi_uldivmod
    printf5.o(i.__0fprintf$5) refers to printf5.o(i._printf_core) for _printf_core
    printf5.o(i.__0fprintf$5) refers to bsp_usart.o(i.fputc) for fputc
    printf5.o(i.__0printf$5) refers to printf5.o(i._printf_core) for _printf_core
    printf5.o(i.__0printf$5) refers to bsp_usart.o(i.fputc) for fputc
    printf5.o(i.__0printf$5) refers to stdout.o(.data) for __stdout
    printf5.o(i.__0snprintf$5) refers to printf5.o(i._printf_core) for _printf_core
    printf5.o(i.__0snprintf$5) refers to printf5.o(i._snputc) for _snputc
    printf5.o(i.__0sprintf$5) refers to printf5.o(i._printf_core) for _printf_core
    printf5.o(i.__0sprintf$5) refers to printf5.o(i._sputc) for _sputc
    printf5.o(i.__0vfprintf$5) refers to printf5.o(i._printf_core) for _printf_core
    printf5.o(i.__0vfprintf$5) refers to bsp_usart.o(i.fputc) for fputc
    printf5.o(i.__0vprintf$5) refers to printf5.o(i._printf_core) for _printf_core
    printf5.o(i.__0vprintf$5) refers to bsp_usart.o(i.fputc) for fputc
    printf5.o(i.__0vprintf$5) refers to stdout.o(.data) for __stdout
    printf5.o(i.__0vsnprintf$5) refers to printf5.o(i._printf_core) for _printf_core
    printf5.o(i.__0vsnprintf$5) refers to printf5.o(i._snputc) for _snputc
    printf5.o(i.__0vsprintf$5) refers to printf5.o(i._printf_core) for _printf_core
    printf5.o(i.__0vsprintf$5) refers to printf5.o(i._sputc) for _sputc
    printf5.o(i._printf_core) refers to uldiv.o(.text) for __aeabi_uldivmod
    printf6.o(i.__0fprintf$6) refers to printf6.o(i._printf_core) for _printf_core
    printf6.o(i.__0fprintf$6) refers to bsp_usart.o(i.fputc) for fputc
    printf6.o(i.__0printf$6) refers to printf6.o(i._printf_core) for _printf_core
    printf6.o(i.__0printf$6) refers to bsp_usart.o(i.fputc) for fputc
    printf6.o(i.__0printf$6) refers to stdout.o(.data) for __stdout
    printf6.o(i.__0snprintf$6) refers to printf6.o(i._printf_core) for _printf_core
    printf6.o(i.__0snprintf$6) refers to printf6.o(i._snputc) for _snputc
    printf6.o(i.__0sprintf$6) refers to printf6.o(i._printf_core) for _printf_core
    printf6.o(i.__0sprintf$6) refers to printf6.o(i._sputc) for _sputc
    printf6.o(i.__0vfprintf$6) refers to printf6.o(i._printf_core) for _printf_core
    printf6.o(i.__0vfprintf$6) refers to bsp_usart.o(i.fputc) for fputc
    printf6.o(i.__0vprintf$6) refers to printf6.o(i._printf_core) for _printf_core
    printf6.o(i.__0vprintf$6) refers to bsp_usart.o(i.fputc) for fputc
    printf6.o(i.__0vprintf$6) refers to stdout.o(.data) for __stdout
    printf6.o(i.__0vsnprintf$6) refers to printf6.o(i._printf_core) for _printf_core
    printf6.o(i.__0vsnprintf$6) refers to printf6.o(i._snputc) for _snputc
    printf6.o(i.__0vsprintf$6) refers to printf6.o(i._printf_core) for _printf_core
    printf6.o(i.__0vsprintf$6) refers to printf6.o(i._sputc) for _sputc
    printf6.o(i._printf_core) refers to printf6.o(i._printf_pre_padding) for _printf_pre_padding
    printf6.o(i._printf_core) refers to uidiv.o(.text) for __aeabi_uidivmod
    printf6.o(i._printf_core) refers to printf6.o(i._printf_post_padding) for _printf_post_padding
    printf7.o(i.__0fprintf$7) refers to printf7.o(i._printf_core) for _printf_core
    printf7.o(i.__0fprintf$7) refers to bsp_usart.o(i.fputc) for fputc
    printf7.o(i.__0printf$7) refers to printf7.o(i._printf_core) for _printf_core
    printf7.o(i.__0printf$7) refers to bsp_usart.o(i.fputc) for fputc
    printf7.o(i.__0printf$7) refers to stdout.o(.data) for __stdout
    printf7.o(i.__0snprintf$7) refers to printf7.o(i._printf_core) for _printf_core
    printf7.o(i.__0snprintf$7) refers to printf7.o(i._snputc) for _snputc
    printf7.o(i.__0sprintf$7) refers to printf7.o(i._printf_core) for _printf_core
    printf7.o(i.__0sprintf$7) refers to printf7.o(i._sputc) for _sputc
    printf7.o(i.__0vfprintf$7) refers to printf7.o(i._printf_core) for _printf_core
    printf7.o(i.__0vfprintf$7) refers to bsp_usart.o(i.fputc) for fputc
    printf7.o(i.__0vprintf$7) refers to printf7.o(i._printf_core) for _printf_core
    printf7.o(i.__0vprintf$7) refers to bsp_usart.o(i.fputc) for fputc
    printf7.o(i.__0vprintf$7) refers to stdout.o(.data) for __stdout
    printf7.o(i.__0vsnprintf$7) refers to printf7.o(i._printf_core) for _printf_core
    printf7.o(i.__0vsnprintf$7) refers to printf7.o(i._snputc) for _snputc
    printf7.o(i.__0vsprintf$7) refers to printf7.o(i._printf_core) for _printf_core
    printf7.o(i.__0vsprintf$7) refers to printf7.o(i._sputc) for _sputc
    printf7.o(i._printf_core) refers to printf7.o(i._printf_pre_padding) for _printf_pre_padding
    printf7.o(i._printf_core) refers to uldiv.o(.text) for __aeabi_uldivmod
    printf7.o(i._printf_core) refers to printf7.o(i._printf_post_padding) for _printf_post_padding
    printf8.o(i.__0fprintf$8) refers to printf8.o(i._printf_core) for _printf_core
    printf8.o(i.__0fprintf$8) refers to bsp_usart.o(i.fputc) for fputc
    printf8.o(i.__0printf$8) refers to printf8.o(i._printf_core) for _printf_core
    printf8.o(i.__0printf$8) refers to bsp_usart.o(i.fputc) for fputc
    printf8.o(i.__0printf$8) refers to stdout.o(.data) for __stdout
    printf8.o(i.__0snprintf$8) refers to printf8.o(i._printf_core) for _printf_core
    printf8.o(i.__0snprintf$8) refers to printf8.o(i._snputc) for _snputc
    printf8.o(i.__0sprintf$8) refers to printf8.o(i._printf_core) for _printf_core
    printf8.o(i.__0sprintf$8) refers to printf8.o(i._sputc) for _sputc
    printf8.o(i.__0vfprintf$8) refers to printf8.o(i._printf_core) for _printf_core
    printf8.o(i.__0vfprintf$8) refers to bsp_usart.o(i.fputc) for fputc
    printf8.o(i.__0vprintf$8) refers to printf8.o(i._printf_core) for _printf_core
    printf8.o(i.__0vprintf$8) refers to bsp_usart.o(i.fputc) for fputc
    printf8.o(i.__0vprintf$8) refers to stdout.o(.data) for __stdout
    printf8.o(i.__0vsnprintf$8) refers to printf8.o(i._printf_core) for _printf_core
    printf8.o(i.__0vsnprintf$8) refers to printf8.o(i._snputc) for _snputc
    printf8.o(i.__0vsprintf$8) refers to printf8.o(i._printf_core) for _printf_core
    printf8.o(i.__0vsprintf$8) refers to printf8.o(i._sputc) for _sputc
    printf8.o(i._printf_core) refers to printf8.o(i._printf_pre_padding) for _printf_pre_padding
    printf8.o(i._printf_core) refers to uldiv.o(.text) for __aeabi_uldivmod
    printf8.o(i._printf_core) refers to printf8.o(i._printf_post_padding) for _printf_post_padding
    printfa.o(i.__0fprintf) refers (Special) to iusefp.o(.text) for __I$use$fp
    printfa.o(i.__0fprintf) refers to printfa.o(i._printf_core) for _printf_core
    printfa.o(i.__0fprintf) refers to bsp_usart.o(i.fputc) for fputc
    printfa.o(i.__0printf) refers (Special) to iusefp.o(.text) for __I$use$fp
    printfa.o(i.__0printf) refers to printfa.o(i._printf_core) for _printf_core
    printfa.o(i.__0printf) refers to bsp_usart.o(i.fputc) for fputc
    printfa.o(i.__0printf) refers to stdout.o(.data) for __stdout
    printfa.o(i.__0snprintf) refers (Special) to iusefp.o(.text) for __I$use$fp
    printfa.o(i.__0snprintf) refers to printfa.o(i._printf_core) for _printf_core
    printfa.o(i.__0snprintf) refers to printfa.o(i._snputc) for _snputc
    printfa.o(i.__0sprintf) refers (Special) to iusefp.o(.text) for __I$use$fp
    printfa.o(i.__0sprintf) refers to printfa.o(i._printf_core) for _printf_core
    printfa.o(i.__0sprintf) refers to printfa.o(i._sputc) for _sputc
    printfa.o(i.__0vfprintf) refers (Special) to iusefp.o(.text) for __I$use$fp
    printfa.o(i.__0vfprintf) refers to printfa.o(i._printf_core) for _printf_core
    printfa.o(i.__0vfprintf) refers to bsp_usart.o(i.fputc) for fputc
    printfa.o(i.__0vprintf) refers (Special) to iusefp.o(.text) for __I$use$fp
    printfa.o(i.__0vprintf) refers to printfa.o(i._printf_core) for _printf_core
    printfa.o(i.__0vprintf) refers to bsp_usart.o(i.fputc) for fputc
    printfa.o(i.__0vprintf) refers to stdout.o(.data) for __stdout
    printfa.o(i.__0vsnprintf) refers (Special) to iusefp.o(.text) for __I$use$fp
    printfa.o(i.__0vsnprintf) refers to printfa.o(i._printf_core) for _printf_core
    printfa.o(i.__0vsnprintf) refers to printfa.o(i._snputc) for _snputc
    printfa.o(i.__0vsprintf) refers (Special) to iusefp.o(.text) for __I$use$fp
    printfa.o(i.__0vsprintf) refers to printfa.o(i._printf_core) for _printf_core
    printfa.o(i.__0vsprintf) refers to printfa.o(i._sputc) for _sputc
    printfa.o(i._fp_digits) refers (Special) to iusefp.o(.text) for __I$use$fp
    printfa.o(i._fp_digits) refers to dmul.o(.text) for __aeabi_dmul
    printfa.o(i._fp_digits) refers to ddiv.o(.text) for __aeabi_ddiv
    printfa.o(i._fp_digits) refers to cdrcmple.o(.text) for __aeabi_cdrcmple
    printfa.o(i._fp_digits) refers to dadd.o(.text) for __aeabi_dadd
    printfa.o(i._fp_digits) refers to dfixul.o(.text) for __aeabi_d2ulz
    printfa.o(i._fp_digits) refers to uldiv.o(.text) for __aeabi_uldivmod
    printfa.o(i._printf_core) refers (Special) to iusefp.o(.text) for __I$use$fp
    printfa.o(i._printf_core) refers to printfa.o(i._printf_pre_padding) for _printf_pre_padding
    printfa.o(i._printf_core) refers to uldiv.o(.text) for __aeabi_uldivmod
    printfa.o(i._printf_core) refers to printfa.o(i._printf_post_padding) for _printf_post_padding
    printfa.o(i._printf_core) refers to printfa.o(i._fp_digits) for _fp_digits
    printfa.o(i._printf_core) refers to uidiv.o(.text) for __aeabi_uidivmod
    printfa.o(i._printf_post_padding) refers (Special) to iusefp.o(.text) for __I$use$fp
    printfa.o(i._printf_pre_padding) refers (Special) to iusefp.o(.text) for __I$use$fp
    printfa.o(i._snputc) refers (Special) to iusefp.o(.text) for __I$use$fp
    printfa.o(i._sputc) refers (Special) to iusefp.o(.text) for __I$use$fp
    dmul.o(.text) refers (Special) to iusefp.o(.text) for __I$use$fp
    dmul.o(.text) refers to depilogue.o(.text) for _double_epilogue
    ddiv.o(.text) refers (Special) to iusefp.o(.text) for __I$use$fp
    ddiv.o(.text) refers to depilogue.o(.text) for _double_round
    dfltui.o(.text) refers (Special) to iusefp.o(.text) for __I$use$fp
    dfltui.o(.text) refers to depilogue.o(.text) for _double_epilogue
    dfixui.o(.text) refers (Special) to iusefp.o(.text) for __I$use$fp
    dfixui.o(.text) refers to llushr.o(.text) for __aeabi_llsr
    entry2.o(.ARM.Collect$$$$00000001) refers to entry2.o(.ARM.Collect$$$$00002712) for __lit__00000000
    entry2.o(.ARM.Collect$$$$00002712) refers to startup_stm32f103xb.o(STACK) for __initial_sp
    entry2.o(__vectab_stack_and_reset_area) refers to startup_stm32f103xb.o(STACK) for __initial_sp
    entry2.o(__vectab_stack_and_reset_area) refers to entry.o(.ARM.Collect$$$$00000000) for __main
    entry5.o(.ARM.Collect$$$$00000004) refers to init.o(.text) for __scatterload
    entry9a.o(.ARM.Collect$$$$0000000B) refers to main.o(i.main) for main
    entry9b.o(.ARM.Collect$$$$0000000C) refers to main.o(i.main) for main
    uldiv.o(.text) refers to llushr.o(.text) for __aeabi_llsr
    uldiv.o(.text) refers to llshl.o(.text) for __aeabi_llsl
    depilogue.o(.text) refers to llshl.o(.text) for __aeabi_llsl
    depilogue.o(.text) refers to llushr.o(.text) for __aeabi_llsr
    dadd.o(.text) refers to llshl.o(.text) for __aeabi_llsl
    dadd.o(.text) refers to llsshr.o(.text) for __aeabi_lasr
    dadd.o(.text) refers to depilogue.o(.text) for _double_epilogue
    dfixul.o(.text) refers to llushr.o(.text) for __aeabi_llsr
    dfixul.o(.text) refers to llshl.o(.text) for __aeabi_llsl
    init.o(.text) refers to entry5.o(.ARM.Collect$$$$00000004) for __main_after_scatterload


==============================================================================

Removing Unused input sections from the image.

    Removing startup_stm32f103xb.o(HEAP), (512 bytes).
    Removing system_stm32f1xx.o(.rev16_text), (4 bytes).
    Removing system_stm32f1xx.o(.revsh_text), (4 bytes).
    Removing system_stm32f1xx.o(.rrx_text), (6 bytes).
    Removing system_stm32f1xx.o(i.SystemCoreClockUpdate), (164 bytes).
    Removing stm32f1xx_hal.o(.rev16_text), (4 bytes).
    Removing stm32f1xx_hal.o(.revsh_text), (4 bytes).
    Removing stm32f1xx_hal.o(.rrx_text), (6 bytes).
    Removing stm32f1xx_hal.o(i.HAL_DBGMCU_DisableDBGSleepMode), (20 bytes).
    Removing stm32f1xx_hal.o(i.HAL_DBGMCU_DisableDBGStandbyMode), (20 bytes).
    Removing stm32f1xx_hal.o(i.HAL_DBGMCU_DisableDBGStopMode), (20 bytes).
    Removing stm32f1xx_hal.o(i.HAL_DBGMCU_EnableDBGSleepMode), (20 bytes).
    Removing stm32f1xx_hal.o(i.HAL_DBGMCU_EnableDBGStandbyMode), (20 bytes).
    Removing stm32f1xx_hal.o(i.HAL_DBGMCU_EnableDBGStopMode), (20 bytes).
    Removing stm32f1xx_hal.o(i.HAL_DeInit), (36 bytes).
    Removing stm32f1xx_hal.o(i.HAL_Delay), (40 bytes).
    Removing stm32f1xx_hal.o(i.HAL_GetDEVID), (16 bytes).
    Removing stm32f1xx_hal.o(i.HAL_GetHalVersion), (8 bytes).
    Removing stm32f1xx_hal.o(i.HAL_GetREVID), (12 bytes).
    Removing stm32f1xx_hal.o(i.HAL_GetTickFreq), (12 bytes).
    Removing stm32f1xx_hal.o(i.HAL_GetTickPrio), (12 bytes).
    Removing stm32f1xx_hal.o(i.HAL_GetUIDw0), (12 bytes).
    Removing stm32f1xx_hal.o(i.HAL_GetUIDw1), (12 bytes).
    Removing stm32f1xx_hal.o(i.HAL_GetUIDw2), (12 bytes).
    Removing stm32f1xx_hal.o(i.HAL_MspDeInit), (2 bytes).
    Removing stm32f1xx_hal.o(i.HAL_ResumeTick), (18 bytes).
    Removing stm32f1xx_hal.o(i.HAL_SetTickFreq), (48 bytes).
    Removing stm32f1xx_hal.o(i.HAL_SuspendTick), (18 bytes).
    Removing stm32f1xx_hal_cortex.o(.rev16_text), (4 bytes).
    Removing stm32f1xx_hal_cortex.o(.revsh_text), (4 bytes).
    Removing stm32f1xx_hal_cortex.o(.rrx_text), (6 bytes).
    Removing stm32f1xx_hal_cortex.o(i.HAL_NVIC_ClearPendingIRQ), (36 bytes).
    Removing stm32f1xx_hal_cortex.o(i.HAL_NVIC_DisableIRQ), (68 bytes).
    Removing stm32f1xx_hal_cortex.o(i.HAL_NVIC_EnableIRQ), (32 bytes).
    Removing stm32f1xx_hal_cortex.o(i.HAL_NVIC_GetActive), (48 bytes).
    Removing stm32f1xx_hal_cortex.o(i.HAL_NVIC_GetPendingIRQ), (48 bytes).
    Removing stm32f1xx_hal_cortex.o(i.HAL_NVIC_GetPriority), (148 bytes).
    Removing stm32f1xx_hal_cortex.o(i.HAL_NVIC_GetPriorityGrouping), (8 bytes).
    Removing stm32f1xx_hal_cortex.o(i.HAL_NVIC_SetPendingIRQ), (36 bytes).
    Removing stm32f1xx_hal_cortex.o(i.HAL_NVIC_SystemReset), (68 bytes).
    Removing stm32f1xx_hal_cortex.o(i.HAL_SYSTICK_CLKSourceConfig), (40 bytes).
    Removing stm32f1xx_hal_cortex.o(i.HAL_SYSTICK_Callback), (2 bytes).
    Removing stm32f1xx_hal_cortex.o(i.HAL_SYSTICK_IRQHandler), (8 bytes).
    Removing stm32f1xx_hal_gpio.o(.rev16_text), (4 bytes).
    Removing stm32f1xx_hal_gpio.o(.revsh_text), (4 bytes).
    Removing stm32f1xx_hal_gpio.o(.rrx_text), (6 bytes).
    Removing stm32f1xx_hal_gpio.o(i.HAL_GPIO_DeInit), (308 bytes).
    Removing stm32f1xx_hal_gpio.o(i.HAL_GPIO_EXTI_Callback), (2 bytes).
    Removing stm32f1xx_hal_gpio.o(i.HAL_GPIO_EXTI_IRQHandler), (28 bytes).
    Removing stm32f1xx_hal_gpio.o(i.HAL_GPIO_LockPin), (46 bytes).
    Removing stm32f1xx_hal_gpio.o(i.HAL_GPIO_TogglePin), (20 bytes).
    Removing stm32f1xx_hal_rcc.o(.rev16_text), (4 bytes).
    Removing stm32f1xx_hal_rcc.o(.revsh_text), (4 bytes).
    Removing stm32f1xx_hal_rcc.o(.rrx_text), (6 bytes).
    Removing stm32f1xx_hal_rcc.o(i.HAL_RCC_CSSCallback), (2 bytes).
    Removing stm32f1xx_hal_rcc.o(i.HAL_RCC_DeInit), (272 bytes).
    Removing stm32f1xx_hal_rcc.o(i.HAL_RCC_DisableCSS), (12 bytes).
    Removing stm32f1xx_hal_rcc.o(i.HAL_RCC_EnableCSS), (12 bytes).
    Removing stm32f1xx_hal_rcc.o(i.HAL_RCC_GetClockConfig), (68 bytes).
    Removing stm32f1xx_hal_rcc.o(i.HAL_RCC_GetOscConfig), (200 bytes).
    Removing stm32f1xx_hal_rcc.o(i.HAL_RCC_MCOConfig), (100 bytes).
    Removing stm32f1xx_hal_rcc.o(i.HAL_RCC_NMI_IRQHandler), (32 bytes).
    Removing stm32f1xx_hal_dma.o(.rev16_text), (4 bytes).
    Removing stm32f1xx_hal_dma.o(.revsh_text), (4 bytes).
    Removing stm32f1xx_hal_dma.o(.rrx_text), (6 bytes).
    Removing stm32f1xx_hal_dma.o(i.DMA_SetConfig), (44 bytes).
    Removing stm32f1xx_hal_dma.o(i.HAL_DMA_Abort), (86 bytes).
    Removing stm32f1xx_hal_dma.o(i.HAL_DMA_Abort_IT), (176 bytes).
    Removing stm32f1xx_hal_dma.o(i.HAL_DMA_DeInit), (104 bytes).
    Removing stm32f1xx_hal_dma.o(i.HAL_DMA_GetError), (6 bytes).
    Removing stm32f1xx_hal_dma.o(i.HAL_DMA_GetState), (8 bytes).
    Removing stm32f1xx_hal_dma.o(i.HAL_DMA_IRQHandler), (412 bytes).
    Removing stm32f1xx_hal_dma.o(i.HAL_DMA_Init), (104 bytes).
    Removing stm32f1xx_hal_dma.o(i.HAL_DMA_PollForTransfer), (692 bytes).
    Removing stm32f1xx_hal_dma.o(i.HAL_DMA_RegisterCallback), (90 bytes).
    Removing stm32f1xx_hal_dma.o(i.HAL_DMA_Start), (114 bytes).
    Removing stm32f1xx_hal_dma.o(i.HAL_DMA_Start_IT), (156 bytes).
    Removing stm32f1xx_hal_dma.o(i.HAL_DMA_UnRegisterCallback), (106 bytes).
    Removing stm32f1xx_hal_uart.o(.rev16_text), (4 bytes).
    Removing stm32f1xx_hal_uart.o(.revsh_text), (4 bytes).
    Removing stm32f1xx_hal_uart.o(.rrx_text), (6 bytes).
    Removing stm32f1xx_hal_uart.o(i.HAL_HalfDuplex_EnableReceiver), (68 bytes).
    Removing stm32f1xx_hal_uart.o(i.HAL_HalfDuplex_EnableTransmitter), (68 bytes).
    Removing stm32f1xx_hal_uart.o(i.HAL_HalfDuplex_Init), (122 bytes).
    Removing stm32f1xx_hal_uart.o(i.HAL_LIN_Init), (146 bytes).
    Removing stm32f1xx_hal_uart.o(i.HAL_LIN_SendBreak), (80 bytes).
    Removing stm32f1xx_hal_uart.o(i.HAL_MultiProcessor_EnterMuteMode), (82 bytes).
    Removing stm32f1xx_hal_uart.o(i.HAL_MultiProcessor_ExitMuteMode), (82 bytes).
    Removing stm32f1xx_hal_uart.o(i.HAL_MultiProcessor_Init), (158 bytes).
    Removing stm32f1xx_hal_uart.o(i.HAL_UARTEx_GetRxEventType), (6 bytes).
    Removing stm32f1xx_hal_uart.o(i.HAL_UARTEx_ReceiveToIdle), (296 bytes).
    Removing stm32f1xx_hal_uart.o(i.HAL_UARTEx_ReceiveToIdle_DMA), (112 bytes).
    Removing stm32f1xx_hal_uart.o(i.HAL_UARTEx_ReceiveToIdle_IT), (114 bytes).
    Removing stm32f1xx_hal_uart.o(i.HAL_UARTEx_RxEventCallback), (2 bytes).
    Removing stm32f1xx_hal_uart.o(i.HAL_UART_Abort), (278 bytes).
    Removing stm32f1xx_hal_uart.o(i.HAL_UART_AbortCpltCallback), (2 bytes).
    Removing stm32f1xx_hal_uart.o(i.HAL_UART_AbortReceive), (194 bytes).
    Removing stm32f1xx_hal_uart.o(i.HAL_UART_AbortReceiveCpltCallback), (2 bytes).
    Removing stm32f1xx_hal_uart.o(i.HAL_UART_AbortReceive_IT), (216 bytes).
    Removing stm32f1xx_hal_uart.o(i.HAL_UART_AbortTransmit), (124 bytes).
    Removing stm32f1xx_hal_uart.o(i.HAL_UART_AbortTransmitCpltCallback), (2 bytes).
    Removing stm32f1xx_hal_uart.o(i.HAL_UART_AbortTransmit_IT), (144 bytes).
    Removing stm32f1xx_hal_uart.o(i.HAL_UART_Abort_IT), (328 bytes).
    Removing stm32f1xx_hal_uart.o(i.HAL_UART_DMAPause), (166 bytes).
    Removing stm32f1xx_hal_uart.o(i.HAL_UART_DMAResume), (170 bytes).
    Removing stm32f1xx_hal_uart.o(i.HAL_UART_DMAStop), (138 bytes).
    Removing stm32f1xx_hal_uart.o(i.HAL_UART_DeInit), (62 bytes).
    Removing stm32f1xx_hal_uart.o(i.HAL_UART_ErrorCallback), (2 bytes).
    Removing stm32f1xx_hal_uart.o(i.HAL_UART_GetError), (6 bytes).
    Removing stm32f1xx_hal_uart.o(i.HAL_UART_GetState), (20 bytes).
    Removing stm32f1xx_hal_uart.o(i.HAL_UART_IRQHandler), (740 bytes).
    Removing stm32f1xx_hal_uart.o(i.HAL_UART_MspDeInit), (2 bytes).
    Removing stm32f1xx_hal_uart.o(i.HAL_UART_MspInit), (2 bytes).
    Removing stm32f1xx_hal_uart.o(i.HAL_UART_Receive), (194 bytes).
    Removing stm32f1xx_hal_uart.o(i.HAL_UART_Receive_DMA), (44 bytes).
    Removing stm32f1xx_hal_uart.o(i.HAL_UART_Receive_IT), (44 bytes).
    Removing stm32f1xx_hal_uart.o(i.HAL_UART_RxCpltCallback), (2 bytes).
    Removing stm32f1xx_hal_uart.o(i.HAL_UART_RxHalfCpltCallback), (2 bytes).
    Removing stm32f1xx_hal_uart.o(i.HAL_UART_Transmit_DMA), (140 bytes).
    Removing stm32f1xx_hal_uart.o(i.HAL_UART_Transmit_IT), (56 bytes).
    Removing stm32f1xx_hal_uart.o(i.HAL_UART_TxCpltCallback), (2 bytes).
    Removing stm32f1xx_hal_uart.o(i.HAL_UART_TxHalfCpltCallback), (2 bytes).
    Removing stm32f1xx_hal_uart.o(i.UART_DMAAbortOnError), (20 bytes).
    Removing stm32f1xx_hal_uart.o(i.UART_DMAError), (80 bytes).
    Removing stm32f1xx_hal_uart.o(i.UART_DMAReceiveCplt), (180 bytes).
    Removing stm32f1xx_hal_uart.o(i.UART_DMARxAbortCallback), (56 bytes).
    Removing stm32f1xx_hal_uart.o(i.UART_DMARxHalfCplt), (36 bytes).
    Removing stm32f1xx_hal_uart.o(i.UART_DMARxOnlyAbortCallback), (28 bytes).
    Removing stm32f1xx_hal_uart.o(i.UART_DMATransmitCplt), (88 bytes).
    Removing stm32f1xx_hal_uart.o(i.UART_DMATxAbortCallback), (56 bytes).
    Removing stm32f1xx_hal_uart.o(i.UART_DMATxHalfCplt), (14 bytes).
    Removing stm32f1xx_hal_uart.o(i.UART_DMATxOnlyAbortCallback), (24 bytes).
    Removing stm32f1xx_hal_uart.o(i.UART_EndTransmit_IT), (32 bytes).
    Removing stm32f1xx_hal_uart.o(i.UART_EndTxTransfer), (38 bytes).
    Removing stm32f1xx_hal_uart.o(i.UART_Receive_IT), (252 bytes).
    Removing stm32f1xx_hal_uart.o(i.UART_Start_Receive_DMA), (200 bytes).
    Removing stm32f1xx_hal_uart.o(i.UART_Start_Receive_IT), (64 bytes).
    Removing stm32f1xx_hal_uart.o(i.UART_Transmit_IT), (96 bytes).
    Removing stm32f1xx_hal_usart.o(.rev16_text), (4 bytes).
    Removing stm32f1xx_hal_usart.o(.revsh_text), (4 bytes).
    Removing stm32f1xx_hal_usart.o(.rrx_text), (6 bytes).
    Removing stm32f1xx_hal_usart.o(i.HAL_USART_Abort), (122 bytes).
    Removing stm32f1xx_hal_usart.o(i.HAL_USART_AbortCpltCallback), (2 bytes).
    Removing stm32f1xx_hal_usart.o(i.HAL_USART_Abort_IT), (212 bytes).
    Removing stm32f1xx_hal_usart.o(i.HAL_USART_DMAPause), (50 bytes).
    Removing stm32f1xx_hal_usart.o(i.HAL_USART_DMAResume), (50 bytes).
    Removing stm32f1xx_hal_usart.o(i.HAL_USART_DMAStop), (102 bytes).
    Removing stm32f1xx_hal_usart.o(i.HAL_USART_DeInit), (54 bytes).
    Removing stm32f1xx_hal_usart.o(i.HAL_USART_ErrorCallback), (2 bytes).
    Removing stm32f1xx_hal_usart.o(i.HAL_USART_GetError), (6 bytes).
    Removing stm32f1xx_hal_usart.o(i.HAL_USART_GetState), (8 bytes).
    Removing stm32f1xx_hal_usart.o(i.HAL_USART_IRQHandler), (388 bytes).
    Removing stm32f1xx_hal_usart.o(i.HAL_USART_Init), (90 bytes).
    Removing stm32f1xx_hal_usart.o(i.HAL_USART_MspDeInit), (2 bytes).
    Removing stm32f1xx_hal_usart.o(i.HAL_USART_MspInit), (2 bytes).
    Removing stm32f1xx_hal_usart.o(i.HAL_USART_Receive), (238 bytes).
    Removing stm32f1xx_hal_usart.o(i.HAL_USART_Receive_DMA), (252 bytes).
    Removing stm32f1xx_hal_usart.o(i.HAL_USART_Receive_IT), (126 bytes).
    Removing stm32f1xx_hal_usart.o(i.HAL_USART_RxCpltCallback), (2 bytes).
    Removing stm32f1xx_hal_usart.o(i.HAL_USART_RxHalfCpltCallback), (2 bytes).
    Removing stm32f1xx_hal_usart.o(i.HAL_USART_Transmit), (204 bytes).
    Removing stm32f1xx_hal_usart.o(i.HAL_USART_TransmitReceive), (344 bytes).
    Removing stm32f1xx_hal_usart.o(i.HAL_USART_TransmitReceive_DMA), (272 bytes).
    Removing stm32f1xx_hal_usart.o(i.HAL_USART_TransmitReceive_IT), (136 bytes).
    Removing stm32f1xx_hal_usart.o(i.HAL_USART_Transmit_DMA), (156 bytes).
    Removing stm32f1xx_hal_usart.o(i.HAL_USART_Transmit_IT), (88 bytes).
    Removing stm32f1xx_hal_usart.o(i.HAL_USART_TxCpltCallback), (2 bytes).
    Removing stm32f1xx_hal_usart.o(i.HAL_USART_TxHalfCpltCallback), (2 bytes).
    Removing stm32f1xx_hal_usart.o(i.HAL_USART_TxRxCpltCallback), (2 bytes).
    Removing stm32f1xx_hal_usart.o(i.USART_DMAAbortOnError), (20 bytes).
    Removing stm32f1xx_hal_usart.o(i.USART_DMAError), (84 bytes).
    Removing stm32f1xx_hal_usart.o(i.USART_DMAReceiveCplt), (122 bytes).
    Removing stm32f1xx_hal_usart.o(i.USART_DMARxAbortCallback), (48 bytes).
    Removing stm32f1xx_hal_usart.o(i.USART_DMARxHalfCplt), (14 bytes).
    Removing stm32f1xx_hal_usart.o(i.USART_DMATransmitCplt), (70 bytes).
    Removing stm32f1xx_hal_usart.o(i.USART_DMATxAbortCallback), (48 bytes).
    Removing stm32f1xx_hal_usart.o(i.USART_DMATxHalfCplt), (14 bytes).
    Removing stm32f1xx_hal_usart.o(i.USART_EndRxTransfer), (32 bytes).
    Removing stm32f1xx_hal_usart.o(i.USART_EndTransmit_IT), (44 bytes).
    Removing stm32f1xx_hal_usart.o(i.USART_EndTxTransfer), (20 bytes).
    Removing stm32f1xx_hal_usart.o(i.USART_Receive_IT), (166 bytes).
    Removing stm32f1xx_hal_usart.o(i.USART_SetConfig), (444 bytes).
    Removing stm32f1xx_hal_usart.o(i.USART_TransmitReceive_IT), (254 bytes).
    Removing stm32f1xx_hal_usart.o(i.USART_Transmit_IT), (96 bytes).
    Removing stm32f1xx_hal_usart.o(i.USART_WaitOnFlagUntilTimeout), (128 bytes).
    Removing main.o(.rev16_text), (4 bytes).
    Removing main.o(.revsh_text), (4 bytes).
    Removing main.o(.rrx_text), (6 bytes).
    Removing main.o(.data), (28 bytes).
    Removing stm32f1xx_it.o(.rev16_text), (4 bytes).
    Removing stm32f1xx_it.o(.revsh_text), (4 bytes).
    Removing stm32f1xx_it.o(.rrx_text), (6 bytes).
    Removing bsp_dwt.o(.rev16_text), (4 bytes).
    Removing bsp_dwt.o(.revsh_text), (4 bytes).
    Removing bsp_dwt.o(.rrx_text), (6 bytes).
    Removing bsp_dwt.o(i.DWT_TickToMicrosecond), (64 bytes).
    Removing bsp_led.o(.rev16_text), (4 bytes).
    Removing bsp_led.o(.revsh_text), (4 bytes).
    Removing bsp_led.o(.rrx_text), (6 bytes).
    Removing bsp_led.o(i.LED_GPIO_Config), (88 bytes).
    Removing bsp_usart.o(.rev16_text), (4 bytes).
    Removing bsp_usart.o(.revsh_text), (4 bytes).
    Removing bsp_usart.o(.rrx_text), (6 bytes).
    Removing bsp_usart.o(i.HAL_UART_MspDeInit), (48 bytes).
    Removing bsp_dht11.o(.rev16_text), (4 bytes).
    Removing bsp_dht11.o(.revsh_text), (4 bytes).
    Removing bsp_dht11.o(.rrx_text), (6 bytes).
    Removing app_dht11.o(.rev16_text), (4 bytes).
    Removing app_dht11.o(.revsh_text), (4 bytes).
    Removing app_dht11.o(.rrx_text), (6 bytes).
    Removing dmul.o(.text), (228 bytes).
    Removing ddiv.o(.text), (222 bytes).
    Removing dfltui.o(.text), (26 bytes).
    Removing dfixui.o(.text), (50 bytes).
    Removing depilogue.o(.text), (186 bytes).
    Removing dadd.o(.text), (334 bytes).
    Removing dfixul.o(.text), (48 bytes).
    Removing cdrcmple.o(.text), (48 bytes).

218 unused section(s) (total 16580 bytes) removed from the image.

==============================================================================

Image Symbol Table

    Local Symbols

    Symbol Name                              Value     Ov Type        Size  Object(Section)

    ../clib/microlib/division.c              0x00000000   Number         0  uldiv.o ABSOLUTE
    ../clib/microlib/division.c              0x00000000   Number         0  uidiv.o ABSOLUTE
    ../clib/microlib/init/entry.s            0x00000000   Number         0  entry11a.o ABSOLUTE
    ../clib/microlib/init/entry.s            0x00000000   Number         0  entry2.o ABSOLUTE
    ../clib/microlib/init/entry.s            0x00000000   Number         0  entry.o ABSOLUTE
    ../clib/microlib/init/entry.s            0x00000000   Number         0  entry12a.o ABSOLUTE
    ../clib/microlib/init/entry.s            0x00000000   Number         0  entry12b.o ABSOLUTE
    ../clib/microlib/init/entry.s            0x00000000   Number         0  entry9a.o ABSOLUTE
    ../clib/microlib/init/entry.s            0x00000000   Number         0  entry9b.o ABSOLUTE
    ../clib/microlib/init/entry.s            0x00000000   Number         0  entry11b.o ABSOLUTE
    ../clib/microlib/init/entry.s            0x00000000   Number         0  entry10a.o ABSOLUTE
    ../clib/microlib/init/entry.s            0x00000000   Number         0  entry10b.o ABSOLUTE
    ../clib/microlib/init/entry.s            0x00000000   Number         0  entry8b.o ABSOLUTE
    ../clib/microlib/init/entry.s            0x00000000   Number         0  entry8a.o ABSOLUTE
    ../clib/microlib/init/entry.s            0x00000000   Number         0  entry7b.o ABSOLUTE
    ../clib/microlib/init/entry.s            0x00000000   Number         0  entry7a.o ABSOLUTE
    ../clib/microlib/init/entry.s            0x00000000   Number         0  entry5.o ABSOLUTE
    ../clib/microlib/longlong.c              0x00000000   Number         0  llsshr.o ABSOLUTE
    ../clib/microlib/longlong.c              0x00000000   Number         0  llshl.o ABSOLUTE
    ../clib/microlib/longlong.c              0x00000000   Number         0  llushr.o ABSOLUTE
    ../clib/microlib/printf/printf.c         0x00000000   Number         0  printf3.o ABSOLUTE
    ../clib/microlib/printf/printf.c         0x00000000   Number         0  printf4.o ABSOLUTE
    ../clib/microlib/printf/printf.c         0x00000000   Number         0  printf5.o ABSOLUTE
    ../clib/microlib/printf/printf.c         0x00000000   Number         0  printf6.o ABSOLUTE
    ../clib/microlib/printf/printf.c         0x00000000   Number         0  printf7.o ABSOLUTE
    ../clib/microlib/printf/printf.c         0x00000000   Number         0  printf8.o ABSOLUTE
    ../clib/microlib/printf/printf.c         0x00000000   Number         0  printfb.o ABSOLUTE
    ../clib/microlib/printf/printf.c         0x00000000   Number         0  printfa.o ABSOLUTE
    ../clib/microlib/printf/printf.c         0x00000000   Number         0  printf0.o ABSOLUTE
    ../clib/microlib/printf/printf.c         0x00000000   Number         0  printf1.o ABSOLUTE
    ../clib/microlib/printf/printf.c         0x00000000   Number         0  printf2.o ABSOLUTE
    ../clib/microlib/printf/stubs.s          0x00000000   Number         0  stubs.o ABSOLUTE
    ../clib/microlib/stdio/streams.c         0x00000000   Number         0  stdout.o ABSOLUTE
    ../clib/microlib/string/memset.c         0x00000000   Number         0  memseta.o ABSOLUTE
    ../clib/microlib/stubs.s                 0x00000000   Number         0  iusefp.o ABSOLUTE
    ../fplib/microlib/fpadd.c                0x00000000   Number         0  dadd.o ABSOLUTE
    ../fplib/microlib/fpdiv.c                0x00000000   Number         0  ddiv.o ABSOLUTE
    ../fplib/microlib/fpepilogue.c           0x00000000   Number         0  depilogue.o ABSOLUTE
    ../fplib/microlib/fpfix.c                0x00000000   Number         0  dfixul.o ABSOLUTE
    ../fplib/microlib/fpfix.c                0x00000000   Number         0  dfixui.o ABSOLUTE
    ../fplib/microlib/fpflt.c                0x00000000   Number         0  dfltui.o ABSOLUTE
    ../fplib/microlib/fpmul.c                0x00000000   Number         0  dmul.o ABSOLUTE
    ..\APP\dht11\app_dht11.c                 0x00000000   Number         0  app_dht11.o ABSOLUTE
    ..\Libraries\CMSIS\Device\ST\STM32F1xx\Source\Templates\arm\startup_stm32f103xb.s 0x00000000   Number         0  startup_stm32f103xb.o ABSOLUTE
    ..\Libraries\CMSIS\Device\ST\STM32F1xx\Source\Templates\system_stm32f1xx.c 0x00000000   Number         0  system_stm32f1xx.o ABSOLUTE
    ..\Libraries\STM32F1xx_HAL_Driver\Src\stm32f1xx_hal.c 0x00000000   Number         0  stm32f1xx_hal.o ABSOLUTE
    ..\Libraries\STM32F1xx_HAL_Driver\Src\stm32f1xx_hal_cortex.c 0x00000000   Number         0  stm32f1xx_hal_cortex.o ABSOLUTE
    ..\Libraries\STM32F1xx_HAL_Driver\Src\stm32f1xx_hal_dma.c 0x00000000   Number         0  stm32f1xx_hal_dma.o ABSOLUTE
    ..\Libraries\STM32F1xx_HAL_Driver\Src\stm32f1xx_hal_gpio.c 0x00000000   Number         0  stm32f1xx_hal_gpio.o ABSOLUTE
    ..\Libraries\STM32F1xx_HAL_Driver\Src\stm32f1xx_hal_rcc.c 0x00000000   Number         0  stm32f1xx_hal_rcc.o ABSOLUTE
    ..\Libraries\STM32F1xx_HAL_Driver\Src\stm32f1xx_hal_uart.c 0x00000000   Number         0  stm32f1xx_hal_uart.o ABSOLUTE
    ..\Libraries\STM32F1xx_HAL_Driver\Src\stm32f1xx_hal_usart.c 0x00000000   Number         0  stm32f1xx_hal_usart.o ABSOLUTE
    ..\User\dht11\bsp_dht11.c                0x00000000   Number         0  bsp_dht11.o ABSOLUTE
    ..\User\dwt\bsp_dwt.c                    0x00000000   Number         0  bsp_dwt.o ABSOLUTE
    ..\User\led\bsp_led.c                    0x00000000   Number         0  bsp_led.o ABSOLUTE
    ..\User\main.c                           0x00000000   Number         0  main.o ABSOLUTE
    ..\User\stm32f1xx_it.c                   0x00000000   Number         0  stm32f1xx_it.o ABSOLUTE
    ..\User\usart\bsp_usart.c                0x00000000   Number         0  bsp_usart.o ABSOLUTE
    ..\\APP\\dht11\\app_dht11.c              0x00000000   Number         0  app_dht11.o ABSOLUTE
    ..\\Libraries\\CMSIS\\Device\\ST\\STM32F1xx\\Source\\Templates\\system_stm32f1xx.c 0x00000000   Number         0  system_stm32f1xx.o ABSOLUTE
    ..\\Libraries\\STM32F1xx_HAL_Driver\\Src\\stm32f1xx_hal.c 0x00000000   Number         0  stm32f1xx_hal.o ABSOLUTE
    ..\\Libraries\\STM32F1xx_HAL_Driver\\Src\\stm32f1xx_hal_cortex.c 0x00000000   Number         0  stm32f1xx_hal_cortex.o ABSOLUTE
    ..\\Libraries\\STM32F1xx_HAL_Driver\\Src\\stm32f1xx_hal_dma.c 0x00000000   Number         0  stm32f1xx_hal_dma.o ABSOLUTE
    ..\\Libraries\\STM32F1xx_HAL_Driver\\Src\\stm32f1xx_hal_gpio.c 0x00000000   Number         0  stm32f1xx_hal_gpio.o ABSOLUTE
    ..\\Libraries\\STM32F1xx_HAL_Driver\\Src\\stm32f1xx_hal_rcc.c 0x00000000   Number         0  stm32f1xx_hal_rcc.o ABSOLUTE
    ..\\Libraries\\STM32F1xx_HAL_Driver\\Src\\stm32f1xx_hal_uart.c 0x00000000   Number         0  stm32f1xx_hal_uart.o ABSOLUTE
    ..\\Libraries\\STM32F1xx_HAL_Driver\\Src\\stm32f1xx_hal_usart.c 0x00000000   Number         0  stm32f1xx_hal_usart.o ABSOLUTE
    ..\\User\\dht11\\bsp_dht11.c             0x00000000   Number         0  bsp_dht11.o ABSOLUTE
    ..\\User\\dwt\\bsp_dwt.c                 0x00000000   Number         0  bsp_dwt.o ABSOLUTE
    ..\\User\\led\\bsp_led.c                 0x00000000   Number         0  bsp_led.o ABSOLUTE
    ..\\User\\main.c                         0x00000000   Number         0  main.o ABSOLUTE
    ..\\User\\stm32f1xx_it.c                 0x00000000   Number         0  stm32f1xx_it.o ABSOLUTE
    ..\\User\\usart\\bsp_usart.c             0x00000000   Number         0  bsp_usart.o ABSOLUTE
    cdrcmple.s                               0x00000000   Number         0  cdrcmple.o ABSOLUTE
    dc.s                                     0x00000000   Number         0  dc.o ABSOLUTE
    handlers.s                               0x00000000   Number         0  handlers.o ABSOLUTE
    init.s                                   0x00000000   Number         0  init.o ABSOLUTE
    RESET                                    0x08000000   Section      236  startup_stm32f103xb.o(RESET)
    .ARM.Collect$$$$00000000                 0x080000ec   Section        0  entry.o(.ARM.Collect$$$$00000000)
    .ARM.Collect$$$$00000001                 0x080000ec   Section        4  entry2.o(.ARM.Collect$$$$00000001)
    .ARM.Collect$$$$00000004                 0x080000f0   Section        4  entry5.o(.ARM.Collect$$$$00000004)
    .ARM.Collect$$$$00000008                 0x080000f4   Section        0  entry7b.o(.ARM.Collect$$$$00000008)
    .ARM.Collect$$$$0000000A                 0x080000f4   Section        0  entry8b.o(.ARM.Collect$$$$0000000A)
    .ARM.Collect$$$$0000000B                 0x080000f4   Section        8  entry9a.o(.ARM.Collect$$$$0000000B)
    .ARM.Collect$$$$0000000E                 0x080000fc   Section        4  entry12b.o(.ARM.Collect$$$$0000000E)
    .ARM.Collect$$$$0000000F                 0x08000100   Section        0  entry10a.o(.ARM.Collect$$$$0000000F)
    .ARM.Collect$$$$00000011                 0x08000100   Section        0  entry11a.o(.ARM.Collect$$$$00000011)
    .ARM.Collect$$$$00002712                 0x08000100   Section        4  entry2.o(.ARM.Collect$$$$00002712)
    __lit__00000000                          0x08000100   Data           4  entry2.o(.ARM.Collect$$$$00002712)
    .text                                    0x08000104   Section       36  startup_stm32f103xb.o(.text)
    .text                                    0x08000128   Section        0  memseta.o(.text)
    .text                                    0x0800014c   Section        0  uidiv.o(.text)
    .text                                    0x08000178   Section       36  init.o(.text)
    i.BusFault_Handler                       0x0800019c   Section        0  stm32f1xx_it.o(i.BusFault_Handler)
    i.DHT11_GPIO_Config                      0x080001a0   Section        0  bsp_dht11.o(i.DHT11_GPIO_Config)
    i.DHT11_ReadByte                         0x080001f8   Section        0  bsp_dht11.o(i.DHT11_ReadByte)
    i.DHT11_ReadData                         0x08000250   Section        0  bsp_dht11.o(i.DHT11_ReadData)
    i.DHT11_SetGPIOMode                      0x0800033c   Section        0  bsp_dht11.o(i.DHT11_SetGPIOMode)
    i.DWT_DelayMs                            0x08000368   Section        0  bsp_dwt.o(i.DWT_DelayMs)
    i.DWT_DelayS                             0x08000380   Section        0  bsp_dwt.o(i.DWT_DelayS)
    i.DWT_DelayUs                            0x08000398   Section        0  bsp_dwt.o(i.DWT_DelayUs)
    i.DWT_GetTick                            0x080003c8   Section        0  bsp_dwt.o(i.DWT_GetTick)
    i.DWT_Init                               0x080003d4   Section        0  bsp_dwt.o(i.DWT_Init)
    i.DebugMon_Handler                       0x080003fc   Section        0  stm32f1xx_it.o(i.DebugMon_Handler)
    i.Dht11_ReadAndPrint                     0x08000400   Section        0  app_dht11.o(i.Dht11_ReadAndPrint)
    i.Error_Handler                          0x080004ec   Section        0  main.o(i.Error_Handler)
    i.HAL_GPIO_Init                          0x080004f4   Section        0  stm32f1xx_hal_gpio.o(i.HAL_GPIO_Init)
    i.HAL_GPIO_ReadPin                       0x08000814   Section        0  stm32f1xx_hal_gpio.o(i.HAL_GPIO_ReadPin)
    i.HAL_GPIO_WritePin                      0x08000824   Section        0  stm32f1xx_hal_gpio.o(i.HAL_GPIO_WritePin)
    i.HAL_GetTick                            0x08000830   Section        0  stm32f1xx_hal.o(i.HAL_GetTick)
    i.HAL_IncTick                            0x0800083c   Section        0  stm32f1xx_hal.o(i.HAL_IncTick)
    i.HAL_Init                               0x08000854   Section        0  stm32f1xx_hal.o(i.HAL_Init)
    i.HAL_InitTick                           0x0800087c   Section        0  stm32f1xx_hal.o(i.HAL_InitTick)
    i.HAL_MspInit                            0x080008c8   Section        0  stm32f1xx_hal.o(i.HAL_MspInit)
    i.HAL_NVIC_SetPriority                   0x080008ca   Section        0  stm32f1xx_hal_cortex.o(i.HAL_NVIC_SetPriority)
    i.HAL_NVIC_SetPriorityGrouping           0x08000948   Section        0  stm32f1xx_hal_cortex.o(i.HAL_NVIC_SetPriorityGrouping)
    i.HAL_RCC_ClockConfig                    0x08000970   Section        0  stm32f1xx_hal_rcc.o(i.HAL_RCC_ClockConfig)
    i.HAL_RCC_GetHCLKFreq                    0x08000afc   Section        0  stm32f1xx_hal_rcc.o(i.HAL_RCC_GetHCLKFreq)
    i.HAL_RCC_GetPCLK1Freq                   0x08000b08   Section        0  stm32f1xx_hal_rcc.o(i.HAL_RCC_GetPCLK1Freq)
    i.HAL_RCC_GetPCLK2Freq                   0x08000b28   Section        0  stm32f1xx_hal_rcc.o(i.HAL_RCC_GetPCLK2Freq)
    i.HAL_RCC_GetSysClockFreq                0x08000b48   Section        0  stm32f1xx_hal_rcc.o(i.HAL_RCC_GetSysClockFreq)
    i.HAL_RCC_OscConfig                      0x08000bb8   Section        0  stm32f1xx_hal_rcc.o(i.HAL_RCC_OscConfig)
    i.HAL_SYSTICK_Config                     0x0800101c   Section        0  stm32f1xx_hal_cortex.o(i.HAL_SYSTICK_Config)
    i.HAL_UART_Init                          0x08001050   Section        0  stm32f1xx_hal_uart.o(i.HAL_UART_Init)
    i.HAL_UART_MspInit                       0x080010c8   Section        0  bsp_usart.o(i.HAL_UART_MspInit)
    i.HAL_UART_Transmit                      0x08001150   Section        0  stm32f1xx_hal_uart.o(i.HAL_UART_Transmit)
    i.HardFault_Handler                      0x0800120e   Section        0  stm32f1xx_it.o(i.HardFault_Handler)
    i.MX_USART1_UART_Init                    0x08001214   Section        0  bsp_usart.o(i.MX_USART1_UART_Init)
    i.MemManage_Handler                      0x0800124c   Section        0  stm32f1xx_it.o(i.MemManage_Handler)
    i.NMI_Handler                            0x08001250   Section        0  stm32f1xx_it.o(i.NMI_Handler)
    i.PendSV_Handler                         0x08001252   Section        0  stm32f1xx_it.o(i.PendSV_Handler)
    i.RCC_Delay                              0x08001254   Section        0  stm32f1xx_hal_rcc.o(i.RCC_Delay)
    RCC_Delay                                0x08001255   Thumb Code    36  stm32f1xx_hal_rcc.o(i.RCC_Delay)
    i.SVC_Handler                            0x0800127c   Section        0  stm32f1xx_it.o(i.SVC_Handler)
    i.SysTick_Handler                        0x0800127e   Section        0  stm32f1xx_it.o(i.SysTick_Handler)
    i.SystemClock_Config                     0x08001286   Section        0  main.o(i.SystemClock_Config)
    i.SystemInit                             0x080012e6   Section        0  system_stm32f1xx.o(i.SystemInit)
    i.UART_EndRxTransfer                     0x080012e8   Section        0  stm32f1xx_hal_uart.o(i.UART_EndRxTransfer)
    UART_EndRxTransfer                       0x080012e9   Thumb Code   108  stm32f1xx_hal_uart.o(i.UART_EndRxTransfer)
    i.UART_SetConfig                         0x08001354   Section        0  stm32f1xx_hal_uart.o(i.UART_SetConfig)
    UART_SetConfig                           0x08001355   Thumb Code   248  stm32f1xx_hal_uart.o(i.UART_SetConfig)
    i.UART_WaitOnFlagUntilTimeout            0x08001450   Section        0  stm32f1xx_hal_uart.o(i.UART_WaitOnFlagUntilTimeout)
    UART_WaitOnFlagUntilTimeout              0x08001451   Thumb Code   140  stm32f1xx_hal_uart.o(i.UART_WaitOnFlagUntilTimeout)
    i.UsageFault_Handler                     0x080014dc   Section        0  stm32f1xx_it.o(i.UsageFault_Handler)
    i.__0printf$1                            0x080014e0   Section        0  printf1.o(i.__0printf$1)
    i.__NVIC_GetPriorityGrouping             0x08001500   Section        0  stm32f1xx_hal_cortex.o(i.__NVIC_GetPriorityGrouping)
    __NVIC_GetPriorityGrouping               0x08001501   Thumb Code    10  stm32f1xx_hal_cortex.o(i.__NVIC_GetPriorityGrouping)
    i.__NVIC_SetPriority                     0x08001510   Section        0  stm32f1xx_hal_cortex.o(i.__NVIC_SetPriority)
    __NVIC_SetPriority                       0x08001511   Thumb Code    32  stm32f1xx_hal_cortex.o(i.__NVIC_SetPriority)
    i.__scatterload_copy                     0x08001538   Section       14  handlers.o(i.__scatterload_copy)
    i.__scatterload_null                     0x08001546   Section        2  handlers.o(i.__scatterload_null)
    i.__scatterload_zeroinit                 0x08001548   Section       14  handlers.o(i.__scatterload_zeroinit)
    i._printf_core                           0x08001558   Section        0  printf1.o(i._printf_core)
    _printf_core                             0x08001559   Thumb Code   336  printf1.o(i._printf_core)
    i.fputc                                  0x080016ac   Section        0  bsp_usart.o(i.fputc)
    i.main                                   0x080016c8   Section        0  main.o(i.main)
    .constdata                               0x080016f0   Section       24  system_stm32f1xx.o(.constdata)
    .constdata                               0x08001708   Section       18  stm32f1xx_hal_rcc.o(.constdata)
    aPLLMULFactorTable                       0x08001708   Data          16  stm32f1xx_hal_rcc.o(.constdata)
    aPredivFactorTable                       0x08001718   Data           2  stm32f1xx_hal_rcc.o(.constdata)
    .data                                    0x20000000   Section        4  system_stm32f1xx.o(.data)
    .data                                    0x20000004   Section        9  stm32f1xx_hal.o(.data)
    .data                                    0x2000000d   Section        5  app_dht11.o(.data)
    dht11_data                               0x2000000d   Data           5  app_dht11.o(.data)
    .data                                    0x20000014   Section        4  stdout.o(.data)
    .bss                                     0x20000018   Section       72  bsp_usart.o(.bss)
    STACK                                    0x20000060   Section     1024  startup_stm32f103xb.o(STACK)

    Global Symbols

    Symbol Name                              Value     Ov Type        Size  Object(Section)

    BuildAttributes$$THM_ISAv4$P$D$K$B$S$PE$A:L22UL41UL21$X:L11$S22US41US21$IEEE1$IW$USESV6$~STKCKD$USESV7$~SHL$OSPACE$ROPI$EBA8$MICROLIB$REQ8$PRES8$EABIv2 0x00000000   Number         0  anon$$obj.o ABSOLUTE
    __ARM_use_no_argv                        0x00000000   Number         0  main.o ABSOLUTE
    _printf_a                                0x00000000   Number         0  stubs.o ABSOLUTE
    _printf_c                                0x00000000   Number         0  stubs.o ABSOLUTE
    _printf_charcount                        0x00000000   Number         0  stubs.o ABSOLUTE
    _printf_d                                0x00000000   Number         0  stubs.o ABSOLUTE
    _printf_e                                0x00000000   Number         0  stubs.o ABSOLUTE
    _printf_f                                0x00000000   Number         0  stubs.o ABSOLUTE
    _printf_flags                            0x00000000   Number         0  stubs.o ABSOLUTE
    _printf_fp_dec                           0x00000000   Number         0  stubs.o ABSOLUTE
    _printf_fp_hex                           0x00000000   Number         0  stubs.o ABSOLUTE
    _printf_g                                0x00000000   Number         0  stubs.o ABSOLUTE
    _printf_i                                0x00000000   Number         0  stubs.o ABSOLUTE
    _printf_int_dec                          0x00000000   Number         0  stubs.o ABSOLUTE
    _printf_l                                0x00000000   Number         0  stubs.o ABSOLUTE
    _printf_lc                               0x00000000   Number         0  stubs.o ABSOLUTE
    _printf_ll                               0x00000000   Number         0  stubs.o ABSOLUTE
    _printf_lld                              0x00000000   Number         0  stubs.o ABSOLUTE
    _printf_lli                              0x00000000   Number         0  stubs.o ABSOLUTE
    _printf_llo                              0x00000000   Number         0  stubs.o ABSOLUTE
    _printf_llu                              0x00000000   Number         0  stubs.o ABSOLUTE
    _printf_llx                              0x00000000   Number         0  stubs.o ABSOLUTE
    _printf_longlong_dec                     0x00000000   Number         0  stubs.o ABSOLUTE
    _printf_longlong_hex                     0x00000000   Number         0  stubs.o ABSOLUTE
    _printf_longlong_oct                     0x00000000   Number         0  stubs.o ABSOLUTE
    _printf_ls                               0x00000000   Number         0  stubs.o ABSOLUTE
    _printf_mbtowc                           0x00000000   Number         0  stubs.o ABSOLUTE
    _printf_n                                0x00000000   Number         0  stubs.o ABSOLUTE
    _printf_o                                0x00000000   Number         0  stubs.o ABSOLUTE
    _printf_p                                0x00000000   Number         0  stubs.o ABSOLUTE
    _printf_percent                          0x00000000   Number         0  stubs.o ABSOLUTE
    _printf_pre_padding                      0x00000000   Number         0  stubs.o ABSOLUTE
    _printf_return_value                     0x00000000   Number         0  stubs.o ABSOLUTE
    _printf_s                                0x00000000   Number         0  stubs.o ABSOLUTE
    _printf_sizespec                         0x00000000   Number         0  stubs.o ABSOLUTE
    _printf_str                              0x00000000   Number         0  stubs.o ABSOLUTE
    _printf_truncate_signed                  0x00000000   Number         0  stubs.o ABSOLUTE
    _printf_truncate_unsigned                0x00000000   Number         0  stubs.o ABSOLUTE
    _printf_u                                0x00000000   Number         0  stubs.o ABSOLUTE
    _printf_wc                               0x00000000   Number         0  stubs.o ABSOLUTE
    _printf_wctomb                           0x00000000   Number         0  stubs.o ABSOLUTE
    _printf_widthprec                        0x00000000   Number         0  stubs.o ABSOLUTE
    _printf_x                                0x00000000   Number         0  stubs.o ABSOLUTE
    __arm_fini_                               - Undefined Weak Reference
    __cpp_initialize__aeabi_                  - Undefined Weak Reference
    __cxa_finalize                            - Undefined Weak Reference
    __decompress                              - Undefined Weak Reference
    _clock_init                               - Undefined Weak Reference
    _microlib_exit                            - Undefined Weak Reference
    __Vectors_Size                           0x000000ec   Number         0  startup_stm32f103xb.o ABSOLUTE
    __Vectors                                0x08000000   Data           4  startup_stm32f103xb.o(RESET)
    __Vectors_End                            0x080000ec   Data           0  startup_stm32f103xb.o(RESET)
    __main                                   0x080000ed   Thumb Code     0  entry.o(.ARM.Collect$$$$00000000)
    _main_stk                                0x080000ed   Thumb Code     0  entry2.o(.ARM.Collect$$$$00000001)
    _main_scatterload                        0x080000f1   Thumb Code     0  entry5.o(.ARM.Collect$$$$00000004)
    __main_after_scatterload                 0x080000f5   Thumb Code     0  entry5.o(.ARM.Collect$$$$00000004)
    _main_clock                              0x080000f5   Thumb Code     0  entry7b.o(.ARM.Collect$$$$00000008)
    _main_cpp_init                           0x080000f5   Thumb Code     0  entry8b.o(.ARM.Collect$$$$0000000A)
    _main_init                               0x080000f5   Thumb Code     0  entry9a.o(.ARM.Collect$$$$0000000B)
    __rt_lib_shutdown_fini                   0x080000fd   Thumb Code     0  entry12b.o(.ARM.Collect$$$$0000000E)
    __rt_final_cpp                           0x08000101   Thumb Code     0  entry10a.o(.ARM.Collect$$$$0000000F)
    __rt_final_exit                          0x08000101   Thumb Code     0  entry11a.o(.ARM.Collect$$$$00000011)
    Reset_Handler                            0x08000105   Thumb Code     8  startup_stm32f103xb.o(.text)
    ADC1_2_IRQHandler                        0x0800011f   Thumb Code     0  startup_stm32f103xb.o(.text)
    CAN1_RX1_IRQHandler                      0x0800011f   Thumb Code     0  startup_stm32f103xb.o(.text)
    CAN1_SCE_IRQHandler                      0x0800011f   Thumb Code     0  startup_stm32f103xb.o(.text)
    DMA1_Channel1_IRQHandler                 0x0800011f   Thumb Code     0  startup_stm32f103xb.o(.text)
    DMA1_Channel2_IRQHandler                 0x0800011f   Thumb Code     0  startup_stm32f103xb.o(.text)
    DMA1_Channel3_IRQHandler                 0x0800011f   Thumb Code     0  startup_stm32f103xb.o(.text)
    DMA1_Channel4_IRQHandler                 0x0800011f   Thumb Code     0  startup_stm32f103xb.o(.text)
    DMA1_Channel5_IRQHandler                 0x0800011f   Thumb Code     0  startup_stm32f103xb.o(.text)
    DMA1_Channel6_IRQHandler                 0x0800011f   Thumb Code     0  startup_stm32f103xb.o(.text)
    DMA1_Channel7_IRQHandler                 0x0800011f   Thumb Code     0  startup_stm32f103xb.o(.text)
    EXTI0_IRQHandler                         0x0800011f   Thumb Code     0  startup_stm32f103xb.o(.text)
    EXTI15_10_IRQHandler                     0x0800011f   Thumb Code     0  startup_stm32f103xb.o(.text)
    EXTI1_IRQHandler                         0x0800011f   Thumb Code     0  startup_stm32f103xb.o(.text)
    EXTI2_IRQHandler                         0x0800011f   Thumb Code     0  startup_stm32f103xb.o(.text)
    EXTI3_IRQHandler                         0x0800011f   Thumb Code     0  startup_stm32f103xb.o(.text)
    EXTI4_IRQHandler                         0x0800011f   Thumb Code     0  startup_stm32f103xb.o(.text)
    EXTI9_5_IRQHandler                       0x0800011f   Thumb Code     0  startup_stm32f103xb.o(.text)
    FLASH_IRQHandler                         0x0800011f   Thumb Code     0  startup_stm32f103xb.o(.text)
    I2C1_ER_IRQHandler                       0x0800011f   Thumb Code     0  startup_stm32f103xb.o(.text)
    I2C1_EV_IRQHandler                       0x0800011f   Thumb Code     0  startup_stm32f103xb.o(.text)
    I2C2_ER_IRQHandler                       0x0800011f   Thumb Code     0  startup_stm32f103xb.o(.text)
    I2C2_EV_IRQHandler                       0x0800011f   Thumb Code     0  startup_stm32f103xb.o(.text)
    PVD_IRQHandler                           0x0800011f   Thumb Code     0  startup_stm32f103xb.o(.text)
    RCC_IRQHandler                           0x0800011f   Thumb Code     0  startup_stm32f103xb.o(.text)
    RTC_Alarm_IRQHandler                     0x0800011f   Thumb Code     0  startup_stm32f103xb.o(.text)
    RTC_IRQHandler                           0x0800011f   Thumb Code     0  startup_stm32f103xb.o(.text)
    SPI1_IRQHandler                          0x0800011f   Thumb Code     0  startup_stm32f103xb.o(.text)
    SPI2_IRQHandler                          0x0800011f   Thumb Code     0  startup_stm32f103xb.o(.text)
    TAMPER_IRQHandler                        0x0800011f   Thumb Code     0  startup_stm32f103xb.o(.text)
    TIM1_BRK_IRQHandler                      0x0800011f   Thumb Code     0  startup_stm32f103xb.o(.text)
    TIM1_CC_IRQHandler                       0x0800011f   Thumb Code     0  startup_stm32f103xb.o(.text)
    TIM1_TRG_COM_IRQHandler                  0x0800011f   Thumb Code     0  startup_stm32f103xb.o(.text)
    TIM1_UP_IRQHandler                       0x0800011f   Thumb Code     0  startup_stm32f103xb.o(.text)
    TIM2_IRQHandler                          0x0800011f   Thumb Code     0  startup_stm32f103xb.o(.text)
    TIM3_IRQHandler                          0x0800011f   Thumb Code     0  startup_stm32f103xb.o(.text)
    TIM4_IRQHandler                          0x0800011f   Thumb Code     0  startup_stm32f103xb.o(.text)
    USART1_IRQHandler                        0x0800011f   Thumb Code     0  startup_stm32f103xb.o(.text)
    USART2_IRQHandler                        0x0800011f   Thumb Code     0  startup_stm32f103xb.o(.text)
    USART3_IRQHandler                        0x0800011f   Thumb Code     0  startup_stm32f103xb.o(.text)
    USBWakeUp_IRQHandler                     0x0800011f   Thumb Code     0  startup_stm32f103xb.o(.text)
    USB_HP_CAN1_TX_IRQHandler                0x0800011f   Thumb Code     0  startup_stm32f103xb.o(.text)
    USB_LP_CAN1_RX0_IRQHandler               0x0800011f   Thumb Code     0  startup_stm32f103xb.o(.text)
    WWDG_IRQHandler                          0x0800011f   Thumb Code     0  startup_stm32f103xb.o(.text)
    __aeabi_memset                           0x08000129   Thumb Code    14  memseta.o(.text)
    __aeabi_memset4                          0x08000129   Thumb Code     0  memseta.o(.text)
    __aeabi_memset8                          0x08000129   Thumb Code     0  memseta.o(.text)
    __aeabi_memclr                           0x08000137   Thumb Code     4  memseta.o(.text)
    __aeabi_memclr4                          0x08000137   Thumb Code     0  memseta.o(.text)
    __aeabi_memclr8                          0x08000137   Thumb Code     0  memseta.o(.text)
    _memset$wrapper                          0x0800013b   Thumb Code    18  memseta.o(.text)
    __aeabi_uidiv                            0x0800014d   Thumb Code     0  uidiv.o(.text)
    __aeabi_uidivmod                         0x0800014d   Thumb Code    44  uidiv.o(.text)
    __scatterload                            0x08000179   Thumb Code    28  init.o(.text)
    __scatterload_rt2                        0x08000179   Thumb Code     0  init.o(.text)
    BusFault_Handler                         0x0800019d   Thumb Code     4  stm32f1xx_it.o(i.BusFault_Handler)
    DHT11_GPIO_Config                        0x080001a1   Thumb Code    80  bsp_dht11.o(i.DHT11_GPIO_Config)
    DHT11_ReadByte                           0x080001f9   Thumb Code    82  bsp_dht11.o(i.DHT11_ReadByte)
    DHT11_ReadData                           0x08000251   Thumb Code   230  bsp_dht11.o(i.DHT11_ReadData)
    DHT11_SetGPIOMode                        0x0800033d   Thumb Code    40  bsp_dht11.o(i.DHT11_SetGPIOMode)
    DWT_DelayMs                              0x08000369   Thumb Code    24  bsp_dwt.o(i.DWT_DelayMs)
    DWT_DelayS                               0x08000381   Thumb Code    24  bsp_dwt.o(i.DWT_DelayS)
    DWT_DelayUs                              0x08000399   Thumb Code    38  bsp_dwt.o(i.DWT_DelayUs)
    DWT_GetTick                              0x080003c9   Thumb Code     6  bsp_dwt.o(i.DWT_GetTick)
    DWT_Init                                 0x080003d5   Thumb Code    30  bsp_dwt.o(i.DWT_Init)
    DebugMon_Handler                         0x080003fd   Thumb Code     2  stm32f1xx_it.o(i.DebugMon_Handler)
    Dht11_ReadAndPrint                       0x08000401   Thumb Code   100  app_dht11.o(i.Dht11_ReadAndPrint)
    Error_Handler                            0x080004ed   Thumb Code     6  main.o(i.Error_Handler)
    HAL_GPIO_Init                            0x080004f5   Thumb Code   766  stm32f1xx_hal_gpio.o(i.HAL_GPIO_Init)
    HAL_GPIO_ReadPin                         0x08000815   Thumb Code    16  stm32f1xx_hal_gpio.o(i.HAL_GPIO_ReadPin)
    HAL_GPIO_WritePin                        0x08000825   Thumb Code    12  stm32f1xx_hal_gpio.o(i.HAL_GPIO_WritePin)
    HAL_GetTick                              0x08000831   Thumb Code     6  stm32f1xx_hal.o(i.HAL_GetTick)
    HAL_IncTick                              0x0800083d   Thumb Code    16  stm32f1xx_hal.o(i.HAL_IncTick)
    HAL_Init                                 0x08000855   Thumb Code    34  stm32f1xx_hal.o(i.HAL_Init)
    HAL_InitTick                             0x0800087d   Thumb Code    64  stm32f1xx_hal.o(i.HAL_InitTick)
    HAL_MspInit                              0x080008c9   Thumb Code     2  stm32f1xx_hal.o(i.HAL_MspInit)
    HAL_NVIC_SetPriority                     0x080008cb   Thumb Code   124  stm32f1xx_hal_cortex.o(i.HAL_NVIC_SetPriority)
    HAL_NVIC_SetPriorityGrouping             0x08000949   Thumb Code    32  stm32f1xx_hal_cortex.o(i.HAL_NVIC_SetPriorityGrouping)
    HAL_RCC_ClockConfig                      0x08000971   Thumb Code   376  stm32f1xx_hal_rcc.o(i.HAL_RCC_ClockConfig)
    HAL_RCC_GetHCLKFreq                      0x08000afd   Thumb Code     6  stm32f1xx_hal_rcc.o(i.HAL_RCC_GetHCLKFreq)
    HAL_RCC_GetPCLK1Freq                     0x08000b09   Thumb Code    22  stm32f1xx_hal_rcc.o(i.HAL_RCC_GetPCLK1Freq)
    HAL_RCC_GetPCLK2Freq                     0x08000b29   Thumb Code    22  stm32f1xx_hal_rcc.o(i.HAL_RCC_GetPCLK2Freq)
    HAL_RCC_GetSysClockFreq                  0x08000b49   Thumb Code    92  stm32f1xx_hal_rcc.o(i.HAL_RCC_GetSysClockFreq)
    HAL_RCC_OscConfig                        0x08000bb9   Thumb Code  1114  stm32f1xx_hal_rcc.o(i.HAL_RCC_OscConfig)
    HAL_SYSTICK_Config                       0x0800101d   Thumb Code    52  stm32f1xx_hal_cortex.o(i.HAL_SYSTICK_Config)
    HAL_UART_Init                            0x08001051   Thumb Code   118  stm32f1xx_hal_uart.o(i.HAL_UART_Init)
    HAL_UART_MspInit                         0x080010c9   Thumb Code   122  bsp_usart.o(i.HAL_UART_MspInit)
    HAL_UART_Transmit                        0x08001151   Thumb Code   190  stm32f1xx_hal_uart.o(i.HAL_UART_Transmit)
    HardFault_Handler                        0x0800120f   Thumb Code     4  stm32f1xx_it.o(i.HardFault_Handler)
    MX_USART1_UART_Init                      0x08001215   Thumb Code    46  bsp_usart.o(i.MX_USART1_UART_Init)
    MemManage_Handler                        0x0800124d   Thumb Code     4  stm32f1xx_it.o(i.MemManage_Handler)
    NMI_Handler                              0x08001251   Thumb Code     2  stm32f1xx_it.o(i.NMI_Handler)
    PendSV_Handler                           0x08001253   Thumb Code     2  stm32f1xx_it.o(i.PendSV_Handler)
    SVC_Handler                              0x0800127d   Thumb Code     2  stm32f1xx_it.o(i.SVC_Handler)
    SysTick_Handler                          0x0800127f   Thumb Code     8  stm32f1xx_it.o(i.SysTick_Handler)
    SystemClock_Config                       0x08001287   Thumb Code    96  main.o(i.SystemClock_Config)
    SystemInit                               0x080012e7   Thumb Code     2  system_stm32f1xx.o(i.SystemInit)
    UsageFault_Handler                       0x080014dd   Thumb Code     4  stm32f1xx_it.o(i.UsageFault_Handler)
    __0printf$1                              0x080014e1   Thumb Code    22  printf1.o(i.__0printf$1)
    __1printf$1                              0x080014e1   Thumb Code     0  printf1.o(i.__0printf$1)
    __2printf                                0x080014e1   Thumb Code     0  printf1.o(i.__0printf$1)
    __scatterload_copy                       0x08001539   Thumb Code    14  handlers.o(i.__scatterload_copy)
    __scatterload_null                       0x08001547   Thumb Code     2  handlers.o(i.__scatterload_null)
    __scatterload_zeroinit                   0x08001549   Thumb Code    14  handlers.o(i.__scatterload_zeroinit)
    fputc                                    0x080016ad   Thumb Code    22  bsp_usart.o(i.fputc)
    main                                     0x080016c9   Thumb Code    40  main.o(i.main)
    AHBPrescTable                            0x080016f0   Data          16  system_stm32f1xx.o(.constdata)
    APBPrescTable                            0x08001700   Data           8  system_stm32f1xx.o(.constdata)
    Region$$Table$$Base                      0x0800171c   Number         0  anon$$obj.o(Region$$Table)
    Region$$Table$$Limit                     0x0800173c   Number         0  anon$$obj.o(Region$$Table)
    SystemCoreClock                          0x20000000   Data           4  system_stm32f1xx.o(.data)
    uwTick                                   0x20000004   Data           4  stm32f1xx_hal.o(.data)
    uwTickPrio                               0x20000008   Data           4  stm32f1xx_hal.o(.data)
    uwTickFreq                               0x2000000c   Data           1  stm32f1xx_hal.o(.data)
    __stdout                                 0x20000014   Data           4  stdout.o(.data)
    huart1                                   0x20000018   Data          72  bsp_usart.o(.bss)
    __initial_sp                             0x20000460   Data           0  startup_stm32f103xb.o(STACK)



==============================================================================

Memory Map of the image

  Image Entry point : 0x080000ed

  Load Region LR_IROM1 (Base: 0x08000000, Size: 0x00001754, Max: 0x00010000, ABSOLUTE)

    Execution Region ER_IROM1 (Exec base: 0x08000000, Load base: 0x08000000, Size: 0x0000173c, Max: 0x00010000, ABSOLUTE)

    Exec Addr    Load Addr    Size         Type   Attr      Idx    E Section Name        Object

    0x08000000   0x08000000   0x000000ec   Data   RO            3    RESET               startup_stm32f103xb.o
    0x080000ec   0x080000ec   0x00000000   Code   RO         1748  * .ARM.Collect$$$$00000000  mc_w.l(entry.o)
    0x080000ec   0x080000ec   0x00000004   Code   RO         2022    .ARM.Collect$$$$00000001  mc_w.l(entry2.o)
    0x080000f0   0x080000f0   0x00000004   Code   RO         2025    .ARM.Collect$$$$00000004  mc_w.l(entry5.o)
    0x080000f4   0x080000f4   0x00000000   Code   RO         2027    .ARM.Collect$$$$00000008  mc_w.l(entry7b.o)
    0x080000f4   0x080000f4   0x00000000   Code   RO         2029    .ARM.Collect$$$$0000000A  mc_w.l(entry8b.o)
    0x080000f4   0x080000f4   0x00000008   Code   RO         2030    .ARM.Collect$$$$0000000B  mc_w.l(entry9a.o)
    0x080000fc   0x080000fc   0x00000004   Code   RO         2037    .ARM.Collect$$$$0000000E  mc_w.l(entry12b.o)
    0x08000100   0x08000100   0x00000000   Code   RO         2032    .ARM.Collect$$$$0000000F  mc_w.l(entry10a.o)
    0x08000100   0x08000100   0x00000000   Code   RO         2034    .ARM.Collect$$$$00000011  mc_w.l(entry11a.o)
    0x08000100   0x08000100   0x00000004   Code   RO         2023    .ARM.Collect$$$$00002712  mc_w.l(entry2.o)
    0x08000104   0x08000104   0x00000024   Code   RO            4    .text               startup_stm32f103xb.o
    0x08000128   0x08000128   0x00000024   Code   RO         1751    .text               mc_w.l(memseta.o)
    0x0800014c   0x0800014c   0x0000002c   Code   RO         2039    .text               mc_w.l(uidiv.o)
    0x08000178   0x08000178   0x00000024   Code   RO         2054    .text               mc_w.l(init.o)
    0x0800019c   0x0800019c   0x00000004   Code   RO         1482    i.BusFault_Handler  stm32f1xx_it.o
    0x080001a0   0x080001a0   0x00000058   Code   RO         1683    i.DHT11_GPIO_Config  bsp_dht11.o
    0x080001f8   0x080001f8   0x00000058   Code   RO         1684    i.DHT11_ReadByte    bsp_dht11.o
    0x08000250   0x08000250   0x000000ec   Code   RO         1685    i.DHT11_ReadData    bsp_dht11.o
    0x0800033c   0x0800033c   0x0000002c   Code   RO         1686    i.DHT11_SetGPIOMode  bsp_dht11.o
    0x08000368   0x08000368   0x00000018   Code   RO         1557    i.DWT_DelayMs       bsp_dwt.o
    0x08000380   0x08000380   0x00000018   Code   RO         1558    i.DWT_DelayS        bsp_dwt.o
    0x08000398   0x08000398   0x00000030   Code   RO         1559    i.DWT_DelayUs       bsp_dwt.o
    0x080003c8   0x080003c8   0x0000000c   Code   RO         1560    i.DWT_GetTick       bsp_dwt.o
    0x080003d4   0x080003d4   0x00000028   Code   RO         1561    i.DWT_Init          bsp_dwt.o
    0x080003fc   0x080003fc   0x00000002   Code   RO         1483    i.DebugMon_Handler  stm32f1xx_it.o
    0x080003fe   0x080003fe   0x00000002   PAD
    0x08000400   0x08000400   0x000000ec   Code   RO         1725    i.Dht11_ReadAndPrint  app_dht11.o
    0x080004ec   0x080004ec   0x00000006   Code   RO         1420    i.Error_Handler     main.o
    0x080004f2   0x080004f2   0x00000002   PAD
    0x080004f4   0x080004f4   0x00000320   Code   RO          515    i.HAL_GPIO_Init     stm32f1xx_hal_gpio.o
    0x08000814   0x08000814   0x00000010   Code   RO          517    i.HAL_GPIO_ReadPin  stm32f1xx_hal_gpio.o
    0x08000824   0x08000824   0x0000000c   Code   RO          519    i.HAL_GPIO_WritePin  stm32f1xx_hal_gpio.o
    0x08000830   0x08000830   0x0000000c   Code   RO          223    i.HAL_GetTick       stm32f1xx_hal.o
    0x0800083c   0x0800083c   0x00000018   Code   RO          229    i.HAL_IncTick       stm32f1xx_hal.o
    0x08000854   0x08000854   0x00000028   Code   RO          230    i.HAL_Init          stm32f1xx_hal.o
    0x0800087c   0x0800087c   0x0000004c   Code   RO          231    i.HAL_InitTick      stm32f1xx_hal.o
    0x080008c8   0x080008c8   0x00000002   Code   RO          233    i.HAL_MspInit       stm32f1xx_hal.o
    0x080008ca   0x080008ca   0x0000007c   Code   RO          398    i.HAL_NVIC_SetPriority  stm32f1xx_hal_cortex.o
    0x08000946   0x08000946   0x00000002   PAD
    0x08000948   0x08000948   0x00000028   Code   RO          399    i.HAL_NVIC_SetPriorityGrouping  stm32f1xx_hal_cortex.o
    0x08000970   0x08000970   0x0000018c   Code   RO          579    i.HAL_RCC_ClockConfig  stm32f1xx_hal_rcc.o
    0x08000afc   0x08000afc   0x0000000c   Code   RO          584    i.HAL_RCC_GetHCLKFreq  stm32f1xx_hal_rcc.o
    0x08000b08   0x08000b08   0x00000020   Code   RO          586    i.HAL_RCC_GetPCLK1Freq  stm32f1xx_hal_rcc.o
    0x08000b28   0x08000b28   0x00000020   Code   RO          587    i.HAL_RCC_GetPCLK2Freq  stm32f1xx_hal_rcc.o
    0x08000b48   0x08000b48   0x00000070   Code   RO          588    i.HAL_RCC_GetSysClockFreq  stm32f1xx_hal_rcc.o
    0x08000bb8   0x08000bb8   0x00000464   Code   RO          591    i.HAL_RCC_OscConfig  stm32f1xx_hal_rcc.o
    0x0800101c   0x0800101c   0x00000034   Code   RO          403    i.HAL_SYSTICK_Config  stm32f1xx_hal_cortex.o
    0x08001050   0x08001050   0x00000076   Code   RO          811    i.HAL_UART_Init     stm32f1xx_hal_uart.o
    0x080010c6   0x080010c6   0x00000002   PAD
    0x080010c8   0x080010c8   0x00000088   Code   RO         1636    i.HAL_UART_MspInit  bsp_usart.o
    0x08001150   0x08001150   0x000000be   Code   RO          819    i.HAL_UART_Transmit  stm32f1xx_hal_uart.o
    0x0800120e   0x0800120e   0x00000004   Code   RO         1484    i.HardFault_Handler  stm32f1xx_it.o
    0x08001212   0x08001212   0x00000002   PAD
    0x08001214   0x08001214   0x00000038   Code   RO         1637    i.MX_USART1_UART_Init  bsp_usart.o
    0x0800124c   0x0800124c   0x00000004   Code   RO         1485    i.MemManage_Handler  stm32f1xx_it.o
    0x08001250   0x08001250   0x00000002   Code   RO         1486    i.NMI_Handler       stm32f1xx_it.o
    0x08001252   0x08001252   0x00000002   Code   RO         1487    i.PendSV_Handler    stm32f1xx_it.o
    0x08001254   0x08001254   0x00000028   Code   RO          592    i.RCC_Delay         stm32f1xx_hal_rcc.o
    0x0800127c   0x0800127c   0x00000002   Code   RO         1488    i.SVC_Handler       stm32f1xx_it.o
    0x0800127e   0x0800127e   0x00000008   Code   RO         1489    i.SysTick_Handler   stm32f1xx_it.o
    0x08001286   0x08001286   0x00000060   Code   RO         1421    i.SystemClock_Config  main.o
    0x080012e6   0x080012e6   0x00000002   Code   RO           14    i.SystemInit        system_stm32f1xx.o
    0x080012e8   0x080012e8   0x0000006c   Code   RO          834    i.UART_EndRxTransfer  stm32f1xx_hal_uart.o
    0x08001354   0x08001354   0x000000fc   Code   RO          838    i.UART_SetConfig    stm32f1xx_hal_uart.o
    0x08001450   0x08001450   0x0000008c   Code   RO          842    i.UART_WaitOnFlagUntilTimeout  stm32f1xx_hal_uart.o
    0x080014dc   0x080014dc   0x00000004   Code   RO         1490    i.UsageFault_Handler  stm32f1xx_it.o
    0x080014e0   0x080014e0   0x00000020   Code   RO         1798    i.__0printf$1       mc_w.l(printf1.o)
    0x08001500   0x08001500   0x00000010   Code   RO          405    i.__NVIC_GetPriorityGrouping  stm32f1xx_hal_cortex.o
    0x08001510   0x08001510   0x00000028   Code   RO          406    i.__NVIC_SetPriority  stm32f1xx_hal_cortex.o
    0x08001538   0x08001538   0x0000000e   Code   RO         2062    i.__scatterload_copy  mc_w.l(handlers.o)
    0x08001546   0x08001546   0x00000002   Code   RO         2063    i.__scatterload_null  mc_w.l(handlers.o)
    0x08001548   0x08001548   0x0000000e   Code   RO         2064    i.__scatterload_zeroinit  mc_w.l(handlers.o)
    0x08001556   0x08001556   0x00000002   PAD
    0x08001558   0x08001558   0x00000154   Code   RO         1805    i._printf_core      mc_w.l(printf1.o)
    0x080016ac   0x080016ac   0x0000001c   Code   RO         1638    i.fputc             bsp_usart.o
    0x080016c8   0x080016c8   0x00000028   Code   RO         1422    i.main              main.o
    0x080016f0   0x080016f0   0x00000018   Data   RO           15    .constdata          system_stm32f1xx.o
    0x08001708   0x08001708   0x00000012   Data   RO          593    .constdata          stm32f1xx_hal_rcc.o
    0x0800171a   0x0800171a   0x00000002   PAD
    0x0800171c   0x0800171c   0x00000020   Data   RO         2060    Region$$Table       anon$$obj.o


    Execution Region RW_IRAM1 (Exec base: 0x20000000, Load base: 0x0800173c, Size: 0x00000460, Max: 0x00005000, ABSOLUTE)

    Exec Addr    Load Addr    Size         Type   Attr      Idx    E Section Name        Object

    0x20000000   0x0800173c   0x00000004   Data   RW           16    .data               system_stm32f1xx.o
    0x20000004   0x08001740   0x00000009   Data   RW          237    .data               stm32f1xx_hal.o
    0x2000000d   0x08001749   0x00000005   Data   RW         1726    .data               app_dht11.o
    0x20000012   0x0800174e   0x00000002   PAD
    0x20000014   0x08001750   0x00000004   Data   RW         2038    .data               mc_w.l(stdout.o)
    0x20000018        -       0x00000048   Zero   RW         1639    .bss                bsp_usart.o
    0x20000060        -       0x00000400   Zero   RW            1    STACK               startup_stm32f103xb.o


==============================================================================

Image component sizes


      Code (inc. data)   RO Data    RW Data    ZI Data      Debug   Object Name

       236        136          0          5          0        745   app_dht11.o
       456         24          0          0          0       2982   bsp_dht11.o
       148         26          0          0          0       2626   bsp_dwt.o
       220         30          0          0         72       2342   bsp_usart.o
       142          0          0          0          0       3224   main.o
        36          8        236          0       1024        936   startup_stm32f103xb.o
       154         32          0          9          0       5951   stm32f1xx_hal.o
       272         22          0          0          0      28898   stm32f1xx_hal_cortex.o
       828         34          0          0          0       3415   stm32f1xx_hal_gpio.o
      1748         98         18          0          0       6180   stm32f1xx_hal_rcc.o
       808          4          0          0          0       4528   stm32f1xx_hal_uart.o
        32          0          0          0          0       4038   stm32f1xx_it.o
         2          0         24          4          0     394959   system_stm32f1xx.o

    ----------------------------------------------------------------------
      5092        414        312         20       1096     460824   Object Totals
         0          0         32          0          0          0   (incl. Generated)
        10          0          2          2          0          0   (incl. Padding)

    ----------------------------------------------------------------------

      Code (inc. data)   RO Data    RW Data    ZI Data      Debug   Library Member Name

         0          0          0          0          0          0   entry.o
         0          0          0          0          0          0   entry10a.o
         0          0          0          0          0          0   entry11a.o
         4          0          0          0          0          0   entry12b.o
         8          4          0          0          0          0   entry2.o
         4          0          0          0          0          0   entry5.o
         0          0          0          0          0          0   entry7b.o
         0          0          0          0          0          0   entry8b.o
         8          4          0          0          0          0   entry9a.o
        30          0          0          0          0          0   handlers.o
        36          8          0          0          0         68   init.o
        36          0          0          0          0        108   memseta.o
       372         14          0          0          0        184   printf1.o
         0          0          0          4          0          0   stdout.o
        44          0          0          0          0         80   uidiv.o

    ----------------------------------------------------------------------
       544         30          0          4          0        440   Library Totals
         2          0          0          0          0          0   (incl. Padding)

    ----------------------------------------------------------------------

      Code (inc. data)   RO Data    RW Data    ZI Data      Debug   Library Name

       542         30          0          4          0        440   mc_w.l

    ----------------------------------------------------------------------
       544         30          0          4          0        440   Library Totals

    ----------------------------------------------------------------------

==============================================================================


      Code (inc. data)   RO Data    RW Data    ZI Data      Debug   

      5636        444        312         24       1096     458868   Grand Totals
      5636        444        312         24       1096     458868   ELF Image Totals
      5636        444        312         24          0          0   ROM Totals

==============================================================================

    Total RO  Size (Code + RO Data)                 5948 (   5.81kB)
    Total RW  Size (RW Data + ZI Data)              1120 (   1.09kB)
    Total ROM Size (Code + RO Data + RW Data)       5972 (   5.83kB)

==============================================================================

